Archive member included to satisfy reference by file (symbol)

/usr/lib/gcc/arm-none-eabi/13.2.1/thumb/v7-m/nofp/libgcc.a(_arm_addsubdf3.o)
                              ./output/main_blinky.o (__aeabi_f2d)
/usr/lib/gcc/arm-none-eabi/13.2.1/thumb/v7-m/nofp/libgcc.a(_arm_addsubsf3.o)
                              ./output/main_blinky.o (__aeabi_i2f)
/usr/lib/gcc/arm-none-eabi/13.2.1/thumb/v7-m/nofp/libgcc.a(_arm_muldivsf3.o)
                              ./output/main_blinky.o (__aeabi_fdiv)
/usr/lib/gcc/arm-none-eabi/13.2.1/../../../arm-none-eabi/lib/thumb/v7-m/nofp/libg_nano.a(libc_a-abs.o)
                              ./output/main_blinky.o (abs)
/usr/lib/gcc/arm-none-eabi/13.2.1/../../../arm-none-eabi/lib/thumb/v7-m/nofp/libg_nano.a(libc_a-strlen-stub.o)
                              ./output/tasks.o (strlen)
/usr/lib/gcc/arm-none-eabi/13.2.1/../../../arm-none-eabi/lib/thumb/v7-m/nofp/libg_nano.a(libc_a-impure.o)
                              ./output/startup_gcc.o (_impure_ptr)
/usr/lib/gcc/arm-none-eabi/13.2.1/../../../arm-none-eabi/lib/thumb/v7-m/nofp/libg_nano.a(libc_a-memset.o)
                              ./output/tasks.o (memset)
/usr/lib/gcc/arm-none-eabi/13.2.1/../../../arm-none-eabi/lib/thumb/v7-m/nofp/libg_nano.a(libc_a-fflush.o)
                              ./output/startup_gcc.o (fflush)
/usr/lib/gcc/arm-none-eabi/13.2.1/../../../arm-none-eabi/lib/thumb/v7-m/nofp/libg_nano.a(libc_a-freer.o)
                              /usr/lib/gcc/arm-none-eabi/13.2.1/../../../arm-none-eabi/lib/thumb/v7-m/nofp/libg_nano.a(libc_a-fflush.o) (_free_r)
/usr/lib/gcc/arm-none-eabi/13.2.1/../../../arm-none-eabi/lib/thumb/v7-m/nofp/libg_nano.a(libc_a-fwalk.o)
                              /usr/lib/gcc/arm-none-eabi/13.2.1/../../../arm-none-eabi/lib/thumb/v7-m/nofp/libg_nano.a(libc_a-fflush.o) (_fwalk_sglue)
/usr/lib/gcc/arm-none-eabi/13.2.1/../../../arm-none-eabi/lib/thumb/v7-m/nofp/libg_nano.a(libc_a-memcpy.o)
                              ./output/queue.o (memcpy)
/usr/lib/gcc/arm-none-eabi/13.2.1/../../../arm-none-eabi/lib/thumb/v7-m/nofp/libg_nano.a(libc_a-mlock.o)
                              /usr/lib/gcc/arm-none-eabi/13.2.1/../../../arm-none-eabi/lib/thumb/v7-m/nofp/libg_nano.a(libc_a-freer.o) (__malloc_lock)
/usr/lib/gcc/arm-none-eabi/13.2.1/../../../arm-none-eabi/lib/thumb/v7-m/nofp/libg_nano.a(libc_a-strcmp.o)
                              ./output/MessageBufferAMP.o (strcmp)
/usr/lib/gcc/arm-none-eabi/13.2.1/../../../arm-none-eabi/lib/thumb/v7-m/nofp/libg_nano.a(libc_a-memcmp.o)
                              ./output/MessageBufferDemo.o (memcmp)
/usr/lib/gcc/arm-none-eabi/13.2.1/../../../arm-none-eabi/lib/thumb/v7-m/nofp/libg_nano.a(libc_a-findfp.o)
                              /usr/lib/gcc/arm-none-eabi/13.2.1/../../../arm-none-eabi/lib/thumb/v7-m/nofp/libg_nano.a(libc_a-fflush.o) (__sinit)
/usr/lib/gcc/arm-none-eabi/13.2.1/../../../arm-none-eabi/lib/thumb/v7-m/nofp/libg_nano.a(libc_a-mallocr.o)
                              /usr/lib/gcc/arm-none-eabi/13.2.1/../../../arm-none-eabi/lib/thumb/v7-m/nofp/libg_nano.a(libc_a-findfp.o) (_malloc_r)
/usr/lib/gcc/arm-none-eabi/13.2.1/../../../arm-none-eabi/lib/thumb/v7-m/nofp/libg_nano.a(libc_a-sbrkr.o)
                              /usr/lib/gcc/arm-none-eabi/13.2.1/../../../arm-none-eabi/lib/thumb/v7-m/nofp/libg_nano.a(libc_a-mallocr.o) (_sbrk_r)
/usr/lib/gcc/arm-none-eabi/13.2.1/../../../arm-none-eabi/lib/thumb/v7-m/nofp/libg_nano.a(libc_a-stdio.o)
                              /usr/lib/gcc/arm-none-eabi/13.2.1/../../../arm-none-eabi/lib/thumb/v7-m/nofp/libg_nano.a(libc_a-findfp.o) (__sread)
/usr/lib/gcc/arm-none-eabi/13.2.1/../../../arm-none-eabi/lib/thumb/v7-m/nofp/libg_nano.a(libc_a-closer.o)
                              /usr/lib/gcc/arm-none-eabi/13.2.1/../../../arm-none-eabi/lib/thumb/v7-m/nofp/libg_nano.a(libc_a-stdio.o) (_close_r)
/usr/lib/gcc/arm-none-eabi/13.2.1/../../../arm-none-eabi/lib/thumb/v7-m/nofp/libg_nano.a(libc_a-readr.o)
                              /usr/lib/gcc/arm-none-eabi/13.2.1/../../../arm-none-eabi/lib/thumb/v7-m/nofp/libg_nano.a(libc_a-stdio.o) (_read_r)
/usr/lib/gcc/arm-none-eabi/13.2.1/../../../arm-none-eabi/lib/thumb/v7-m/nofp/libg_nano.a(libc_a-reent.o)
                              /usr/lib/gcc/arm-none-eabi/13.2.1/../../../arm-none-eabi/lib/thumb/v7-m/nofp/libg_nano.a(libc_a-sbrkr.o) (errno)
/usr/lib/gcc/arm-none-eabi/13.2.1/../../../arm-none-eabi/lib/thumb/v7-m/nofp/libg_nano.a(libc_a-lseekr.o)
                              /usr/lib/gcc/arm-none-eabi/13.2.1/../../../arm-none-eabi/lib/thumb/v7-m/nofp/libg_nano.a(libc_a-stdio.o) (_lseek_r)
/usr/lib/gcc/arm-none-eabi/13.2.1/../../../arm-none-eabi/lib/thumb/v7-m/nofp/libg_nano.a(libc_a-writer.o)
                              /usr/lib/gcc/arm-none-eabi/13.2.1/../../../arm-none-eabi/lib/thumb/v7-m/nofp/libg_nano.a(libc_a-stdio.o) (_write_r)
/usr/lib/gcc/arm-none-eabi/13.2.1/../../../arm-none-eabi/lib/thumb/v7-m/nofp/libnosys.a(close.o)
[...]
Memory Configuration

Name             Origin             Length             Attributes
FLASH            0x00000000         0x00400000         xr
RAM              0x20000000         0x00400000         rw
*default*        0x00000000         0xffffffff

Linker script and memory map

LOAD ./output/tasks.o
LOAD ./output/list.o
LOAD ./output/queue.o
LOAD ./output/timers.o
LOAD ./output/event_groups.o
LOAD ./output/stream_buffer.o
LOAD ./output/heap_4.o
LOAD ./output/port.o
LOAD ./output/AbortDelay.o
LOAD ./output/BlockQ.o
LOAD ./output/blocktim.o
LOAD ./output/countsem.o
LOAD ./output/death.o
LOAD ./output/dynamic.o
LOAD ./output/EventGroupsDemo.o
LOAD ./output/GenQTest.o
LOAD ./output/integer.o
LOAD ./output/IntQueue.o
LOAD ./output/IntQueueTimer.o
LOAD ./output/IntSemTest.o
LOAD ./output/MessageBufferAMP.o
LOAD ./output/MessageBufferDemo.o
LOAD ./output/PollQ.o
LOAD ./output/QPeek.o
LOAD ./output/QueueOverwrite.o
LOAD ./output/QueueSet.o
LOAD ./output/QueueSetPolling.o
LOAD ./output/recmutex.o
LOAD ./output/semtest.o
LOAD ./output/StaticAllocation.o
LOAD ./output/StreamBufferDemo.o
LOAD ./output/StreamBufferInterrupt.o
LOAD ./output/TaskNotify.o
LOAD ./output/TaskNotifyArray.o
LOAD ./output/TimerDemo.o
LOAD ./output/main.o
LOAD ./output/main_blinky.o
LOAD ./output/main_full.o
LOAD ./output/startup_gcc.o
LOAD ./output/RegTest.o
LOAD ./output/printf-stdarg.o
LOAD ./output/trcKernelPort.o
LOAD ./output/trcStreamPort.o
LOAD ./output/trcAssert.o
LOAD ./output/trcCounter.o
LOAD ./output/trcDependency.o
LOAD ./output/trcDiagnostics.o
LOAD ./output/trcEntryTable.o
LOAD ./output/trcError.o
LOAD ./output/trcEvent.o
LOAD ./output/trcEventBuffer.o
LOAD ./output/trcExtension.o
LOAD ./output/trcHardwarePort.o
LOAD ./output/trcHeap.o
LOAD ./output/trcInternalEventBuffer.o
LOAD ./output/trcInterval.o
LOAD ./output/trcISR.o
LOAD ./output/trcMultiCoreEventBuffer.o
LOAD ./output/trcObject.o
LOAD ./output/trcPrint.o
LOAD ./output/trcRunnable.o
LOAD ./output/trcSnapshotRecorder.o
LOAD ./output/trcStackMonitor.o
LOAD ./output/trcStateMachine.o
LOAD ./output/trcStaticBuffer.o
LOAD ./output/trcStreamingRecorder.o
LOAD ./output/trcString.o
LOAD ./output/trcTask.o
LOAD ./output/trcTimestamp.o
LOAD /usr/lib/gcc/arm-none-eabi/13.2.1/../../../arm-none-eabi/lib/thumb/v7-m/nofp/libm.a
START GROUP
LOAD /usr/lib/gcc/arm-none-eabi/13.2.1/thumb/v7-m/nofp/libgcc.a
LOAD /usr/lib/gcc/arm-none-eabi/13.2.1/../../../arm-none-eabi/lib/thumb/v7-m/nofp/libg_nano.a
LOAD /usr/lib/gcc/arm-none-eabi/13.2.1/../../../arm-none-eabi/lib/thumb/v7-m/nofp/libc_nano.a
END GROUP
START GROUP
LOAD /usr/lib/gcc/arm-none-eabi/13.2.1/thumb/v7-m/nofp/libgcc.a
LOAD /usr/lib/gcc/arm-none-eabi/13.2.1/../../../arm-none-eabi/lib/thumb/v7-m/nofp/libc_nano.a
LOAD /usr/lib/gcc/arm-none-eabi/13.2.1/../../../arm-none-eabi/lib/thumb/v7-m/nofp/libnosys.a
END GROUP
START GROUP
LOAD /usr/lib/gcc/arm-none-eabi/13.2.1/thumb/v7-m/nofp/libgcc.a
LOAD /usr/lib/gcc/arm-none-eabi/13.2.1/../../../arm-none-eabi/lib/thumb/v7-m/nofp/libc_nano.a
LOAD /usr/lib/gcc/arm-none-eabi/13.2.1/../../../arm-none-eabi/lib/thumb/v7-m/nofp/libnosys.a
END GROUP
                0x00000008                        _Min_Heap_Size = 0x8
                0x00000400                        _Min_Stack_Size = 0x400
                0x20400000                        _estack = (ORIGIN (RAM) + LENGTH (RAM))

.isr_vector     0x00000000       0x78
                0x00000000                        __vector_table = .
 *(.isr_vector)
 .isr_vector    0x00000000       0x78 ./output/startup_gcc.o
                0x00000000                isr_vector
                0x00000078                        . = ALIGN (0x4)

.text           0x00000078     0x1be8
 *(.text)
 .text          0x00000078      0x378 /usr/lib/gcc/arm-none-eabi/13.2.1/thumb/v7-m/nofp/libgcc.a(_arm_addsubdf3.o)
                0x00000078                __aeabi_drsub
                0x00000080                __aeabi_dsub
                0x00000080                __subdf3
                0x00000084                __adddf3
                0x00000084                __aeabi_dadd
                0x000002fc                __aeabi_ui2d
                0x000002fc                __floatunsidf
                0x0000031c                __floatsidf
                0x0000031c                __aeabi_i2d
                0x00000340                __extendsfdf2
                0x00000340                __aeabi_f2d
                0x00000384                __aeabi_ul2d
                0x00000384                __floatundidf
                0x00000394                __floatdidf
                0x00000394                __aeabi_l2d
 .text          0x000003f0      0x21c /usr/lib/gcc/arm-none-eabi/13.2.1/thumb/v7-m/nofp/libgcc.a(_arm_addsubsf3.o)
                0x000003f0                __aeabi_frsub
                0x000003f8                __subsf3
                0x000003f8                __aeabi_fsub
                0x000003fc                __aeabi_fadd
                0x000003fc                __addsf3
                0x0000055c                __aeabi_ui2f
                0x0000055c                __floatunsisf
                0x00000564                __aeabi_i2f
                0x00000564                __floatsisf
                0x00000580                __floatundisf
                0x00000580                __aeabi_ul2f
                0x00000590                __floatdisf
                0x00000590                __aeabi_l2f
 .text          0x0000060c      0x2a0 /usr/lib/gcc/arm-none-eabi/13.2.1/thumb/v7-m/nofp/libgcc.a(_arm_muldivsf3.o)
                0x0000060c                __mulsf3
                0x0000060c                __aeabi_fmul
                0x00000774                __divsf3
                0x00000774                __aeabi_fdiv
 .text          0x000008ac        0x8 /usr/lib/gcc/arm-none-eabi/13.2.1/../../../arm-none-eabi/lib/thumb/v7-m/nofp/libg_nano.a(libc_a-abs.o)
                0x000008ac                abs
 .text          0x000008b4       0xa0 /usr/lib/gcc/arm-none-eabi/13.2.1/../../../arm-none-eabi/lib/thumb/v7-m/nofp/libg_nano.a(libc_a-memset.o)
                0x000008b4                memset
 .text          0x00000954      0x198 /usr/lib/gcc/arm-none-eabi/13.2.1/../../../arm-none-eabi/lib/thumb/v7-m/nofp/libg_nano.a(libc_a-fflush.o)
                0x00000954                __sflush_r
                0x00000a68                _fflush_r
                0x00000aa0                fflush
 .text          0x00000aec       0xbc /usr/lib/gcc/arm-none-eabi/13.2.1/../../../arm-none-eabi/lib/thumb/v7-m/nofp/libg_nano.a(libc_a-freer.o)
                0x00000aec                _free_r
 .text          0x00000ba8       0x44 /usr/lib/gcc/arm-none-eabi/13.2.1/../../../arm-none-eabi/lib/thumb/v7-m/nofp/libg_nano.a(libc_a-fwalk.o)
                0x00000ba8                _fwalk_sglue
 .text          0x00000bec       0xec /usr/lib/gcc/arm-none-eabi/13.2.1/../../../arm-none-eabi/lib/thumb/v7-m/nofp/libg_nano.a(libc_a-memcpy.o)
                0x00000bec                memcpy
 .text          0x00000cd8        0x8 /usr/lib/gcc/arm-none-eabi/13.2.1/../../../arm-none-eabi/lib/thumb/v7-m/nofp/libg_nano.a(libc_a-mlock.o)
                0x00000cd8                __malloc_lock
                0x00000cdc                __malloc_unlock
 .text          0x00000ce0      0x224 /usr/lib/gcc/arm-none-eabi/13.2.1/../../../arm-none-eabi/lib/thumb/v7-m/nofp/libg_nano.a(libc_a-findfp.o)
                0x00000e10                __sfp
                0x00000eb4                __sinit
                0x00000ed4                __sfp_lock_acquire
                0x00000ed8                __sfp_lock_release
                0x00000edc                __fp_lock_all
                0x00000ef0                __fp_unlock_all
 .text          0x00000f04      0x14c /usr/lib/gcc/arm-none-eabi/13.2.1/../../../arm-none-eabi/lib/thumb/v7-m/nofp/libg_nano.a(libc_a-mallocr.o)
                0x00000f50                _malloc_r
 .text          0x00001050       0x24 /usr/lib/gcc/arm-none-eabi/13.2.1/../../../arm-none-eabi/lib/thumb/v7-m/nofp/libg_nano.a(libc_a-sbrkr.o)
                0x00001050                _sbrk_r
 .text          0x00001074       0x94 /usr/lib/gcc/arm-none-eabi/13.2.1/../../../arm-none-eabi/lib/thumb/v7-m/nofp/libg_nano.a(libc_a-stdio.o)
                0x00001074                __sread
                0x00001098                __seofread
                0x0000109c                __swrite
                0x000010dc                __sseek
                0x00001100                __sclose
 .text          0x00001108       0x24 /usr/lib/gcc/arm-none-eabi/13.2.1/../../../arm-none-eabi/lib/thumb/v7-m/nofp/libg_nano.a(libc_a-closer.o)
                0x00001108                _close_r
 .text          0x0000112c       0x2c /usr/lib/gcc/arm-none-eabi/13.2.1/../../../arm-none-eabi/lib/thumb/v7-m/nofp/libg_nano.a(libc_a-readr.o)
                0x0000112c                _read_r
 .text          0x00001158       0x2c /usr/lib/gcc/arm-none-eabi/13.2.1/../../../arm-none-eabi/lib/thumb/v7-m/nofp/libg_nano.a(libc_a-lseekr.o)
                0x00001158                _lseek_r
 .text          0x00001184       0x2c /usr/lib/gcc/arm-none-eabi/13.2.1/../../../arm-none-eabi/lib/thumb/v7-m/nofp/libg_nano.a(libc_a-writer.o)
                0x00001184                _write_r
 .text          0x000011b0       0x10 /usr/lib/gcc/arm-none-eabi/13.2.1/../../../arm-none-eabi/lib/thumb/v7-m/nofp/libnosys.a(close.o)
                0x000011b0                _close
 .text          0x000011c0       0x10 /usr/lib/gcc/arm-none-eabi/13.2.1/../../../arm-none-eabi/lib/thumb/v7-m/nofp/libnosys.a(lseek.o)
                0x000011c0                _lseek
 .text          0x000011d0       0x10 /usr/lib/gcc/arm-none-eabi/13.2.1/../../../arm-none-eabi/lib/thumb/v7-m/nofp/libnosys.a(read.o)
                0x000011d0                _read
 .text          0x000011e0       0x1c /usr/lib/gcc/arm-none-eabi/13.2.1/../../../arm-none-eabi/lib/thumb/v7-m/nofp/libnosys.a(sbrk.o)
                0x000011e0                _sbrk
 .text          0x000011fc       0x10 /usr/lib/gcc/arm-none-eabi/13.2.1/../../../arm-none-eabi/lib/thumb/v7-m/nofp/libnosys.a(write.o)
                0x000011fc                _write
 *(.rodata*)
 .rodata.prvTaskIsTaskSuspended.str1.1
                0x0000120c      0xa44 ./output/tasks.o
                                 0x1d (size before relaxing)
 .rodata.vTaskStartScheduler.str1.1
                0x00001c50        0x5 ./output/tasks.o
 .rodata.uxTopUsedPriority
                0x00001c50        0x4 ./output/tasks.o
 .rodata.prvNotifyQueueSetContainer.str1.1
                0x00001c54       0x1d ./output/queue.o
 .rodata.prvInitialiseNewQueue.str1.1
                0x00001c54        0x1 ./output/queue.o
 .rodata.prvTimerTask.str1.1
                0x00001c54       0x1e ./output/timers.o
 .rodata.prvCheckForValidListAndQueue.str1.1
                0x00001c54        0x5 ./output/timers.o
 .rodata.xTimerCreateTimerTask.str1.1
                0x00001c54        0x8 ./output/timers.o
 .rodata.pvPortMalloc.str1.1
                0x00001c54       0x2f ./output/heap_4.o
 .rodata.prvTaskExitError.str1.1
                0x00001c54       0x31 ./output/port.o
 .rodata.vApplicationStackOverflowHook.str1.1
                0x00001c54       0x1b ./output/main.o
 .rodata.vAssertCalled.str1.1
                0x00001c54       0x1b ./output/main.o
 .rodata.AlertTask.str1.1
                0x00001c54        0xc ./output/main_blinky.o
 .rodata.CommandHandlerTask.str1.1
                0x00001c54       0x36 ./output/main_blinky.o
 .rodata.SystemMonitorTask.str1.1
                0x00001c54       0x28 ./output/main_blinky.o
 .rodata.DataProcessorTask.str1.1
                0x00001c54       0x6e ./output/main_blinky.o
 .rodata.SensorReaderTask.str1.1
                0x00001c54       0x22 ./output/main_blinky.o
 .rodata.main_blinky.str1.1
                0x00001c54       0xdf ./output/main_blinky.o
 .rodata.str1.1
                0x00001c54       0x1e ./output/main_blinky.o
 .rodata        0x00001c54        0xc ./output/main_blinky.o
 .rodata.prvGetRegistersFromStack.str1.1
                0x00001c60       0x36 ./output/startup_gcc.o
 .rodata.tiny_print.str1.1
                0x00001c60        0x7 ./output/printf-stdarg.o
 .rodata.xTraceKernelPortEnable.str1.1
                0x00001c60       0x13 ./output/trcKernelPort.o
 .rodata.xTraceAssertInitialize.str1.1
                0x00001c60       0x4e ./output/trcAssert.o
 .rodata.xTraceCounterInitialize.str1.1
                0x00001c60       0x4f ./output/trcCounter.o
 .rodata.xTraceDiagnosticsInitialize.str1.1
                0x00001c60       0x53 ./output/trcDiagnostics.o
 .rodata.xTraceEntryIndexTableInitialize.str1.1
                0x00001c60       0x52 ./output/trcEntryTable.o
 .rodata.xTraceEntrySetSymbol.str1.1
                0x00001c60        0x1 ./output/trcEntryTable.o
 .rodata.prvTraceErrorGetDescription.str1.1
                0x00001c60      0x17b ./output/trcError.o
 .rodata.prvTraceErrorPrint.str1.1
                0x00001c60        0x5 ./output/trcError.o
 .rodata.xTraceErrorInitialize.str1.1
                0x00001c60       0x4d ./output/trcError.o
 .rodata.xTraceError.str1.1
                0x00001c60       0x26 ./output/trcError.o
 .rodata.xTraceEventInitialize.str1.1
                0x00001c60       0x4d ./output/trcEvent.o
 .rodata.prvTraceEventBufferAllocPop.isra.0.str1.1
                0x00001c60       0x53 ./output/trcEventBuffer.o
 .rodata.xTraceExtensionInitialize.str1.1
                0x00001c60       0x51 ./output/trcExtension.o
 .rodata.xTraceHeapAlloc.str1.1
                0x00001c60       0x4c ./output/trcHeap.o
 .rodata.xTraceISRInitialize.str1.1
                0x00001c60       0x4b ./output/trcISR.o
 .rodata.xTraceMultiCoreEventBufferInitialize.str1.1
                0x00001c60       0x5c ./output/trcMultiCoreEventBuffer.o
 .rodata.xTraceObjectUnregister.str1.1
                0x00001c60       0x4e ./output/trcObject.o
 .rodata.xTraceObjectSetName.str1.1
                0x00001c60        0x1 ./output/trcObject.o
 .rodata.prvTraceVPrintF.str1.1
                0x00001c60        0x8 ./output/trcPrint.o
 .rodata.xTracePrintInitialize.str1.1
                0x00001c60       0x4d ./output/trcPrint.o
 .rodata.xTracePrint.str1.1
                0x00001c60        0x1 ./output/trcPrint.o
 .rodata.xTraceStaticBufferInitialize.str1.1
                0x00001c60       0x54 ./output/trcStaticBuffer.o
 .rodata.xTraceHeaderInitialize.str1.1
                0x00001c60        0x9 ./output/trcStreamingRecorder.o
 .rodata.xTraceStringRegister.str1.1
                0x00001c60       0x4e ./output/trcString.o
 .rodata.xTraceTaskInitialize.str1.1
                0x00001c60       0x4c ./output/trcTask.o
 .rodata.xTraceTimestampInitialize.str1.1
                0x00001c60       0x51 ./output/trcTimestamp.o
 *(.constdata*)
                0x00001c60                        _etext = .
                0x00001c60                        _sidata = .

.glue_7         0x00001c60        0x0
 .glue_7        0x00001c60        0x0 linker stubs

.glue_7t        0x00001c60        0x0
 .glue_7t       0x00001c60        0x0 linker stubs

.vfp11_veneer   0x00001c60        0x0
 .vfp11_veneer  0x00001c60        0x0 linker stubs

.v4_bx          0x00001c60        0x0
 .v4_bx         0x00001c60        0x0 linker stubs

.text.prvAddNewTaskToReadyList
                0x00001c60      0x124
 .text.prvAddNewTaskToReadyList
                0x00001c60      0x124 ./output/tasks.o

.text.prvAddCurrentTaskToDelayedList
                0x00001d84       0xb4
 .text.prvAddCurrentTaskToDelayedList
                0x00001d84       0xb4 ./output/tasks.o

.text.prvResetNextTaskUnblockTime
                0x00001e38       0x24
 .text.prvResetNextTaskUnblockTime
                0x00001e38       0x24 ./output/tasks.o

.text.prvDeleteTCB
                0x00001e5c       0x38
 .text.prvDeleteTCB
                0x00001e5c       0x38 ./output/tasks.o

.text.prvCheckTasksWaitingTermination
                0x00001e94       0x40
 .text.prvCheckTasksWaitingTermination
                0x00001e94       0x40 ./output/tasks.o

.text.prvIdleTask
                0x00001ed4        0x8
 .text.prvIdleTask
                0x00001ed4        0x8 ./output/tasks.o

.text.prvInitialiseNewTask.constprop.0
                0x00001edc       0x90
 .text.prvInitialiseNewTask.constprop.0
                0x00001edc       0x90 ./output/tasks.o

.text.xTaskCreateStatic
                0x00001f6c       0x8c
 .text.xTaskCreateStatic
                0x00001f6c       0x8c ./output/tasks.o
                0x00001f6c                xTaskCreateStatic

.text.vTaskStartScheduler
                0x00001ff8       0xbc
 .text.vTaskStartScheduler
                0x00001ff8       0xbc ./output/tasks.o
                0x00001ff8                vTaskStartScheduler

.text.vTaskSuspendAll
                0x000020b4       0x10
 .text.vTaskSuspendAll
                0x000020b4       0x10 ./output/tasks.o
                0x000020b4                vTaskSuspendAll

.text.xTaskGetTickCount
                0x000020c4        0xc
 .text.xTaskGetTickCount
                0x000020c4        0xc ./output/tasks.o
                0x000020c4                xTaskGetTickCount

.text.uxTaskGetNumberOfTasks
                0x000020d0        0xc
 .text.uxTaskGetNumberOfTasks
                0x000020d0        0xc ./output/tasks.o
                0x000020d0                uxTaskGetNumberOfTasks

.text.xTaskIncrementTick
                0x000020dc      0x194
 .text.xTaskIncrementTick
                0x000020dc      0x194 ./output/tasks.o
                0x000020dc                xTaskIncrementTick

.text.xTaskResumeAll
                0x00002270      0x140
 .text.xTaskResumeAll
                0x00002270      0x140 ./output/tasks.o
                0x00002270                xTaskResumeAll

.text.vTaskDelay
                0x000023b0       0x54
 .text.vTaskDelay
                0x000023b0       0x54 ./output/tasks.o
                0x000023b0                vTaskDelay

.text.vTaskSwitchContext
                0x00002404       0xbc
 .text.vTaskSwitchContext
                0x00002404       0xbc ./output/tasks.o
                0x00002404                vTaskSwitchContext

.text.vTaskPlaceOnEventList
                0x000024c0       0x34
 .text.vTaskPlaceOnEventList
                0x000024c0       0x34 ./output/tasks.o
                0x000024c0                vTaskPlaceOnEventList

.text.vTaskPlaceOnEventListRestricted
                0x000024f4       0x64
 .text.vTaskPlaceOnEventListRestricted
                0x000024f4       0x64 ./output/tasks.o
                0x000024f4                vTaskPlaceOnEventListRestricted

.text.xTaskRemoveFromEventList
                0x00002558       0xd4
 .text.xTaskRemoveFromEventList
                0x00002558       0xd4 ./output/tasks.o
                0x00002558                xTaskRemoveFromEventList

.text.vTaskInternalSetTimeOutState
                0x0000262c       0x18
 .text.vTaskInternalSetTimeOutState
                0x0000262c       0x18 ./output/tasks.o
                0x0000262c                vTaskInternalSetTimeOutState

.text.xTaskCheckForTimeOut
                0x00002644       0x84
 .text.xTaskCheckForTimeOut
                0x00002644       0x84 ./output/tasks.o
                0x00002644                xTaskCheckForTimeOut

.text.vTaskMissedYield
                0x000026c8        0xc
 .text.vTaskMissedYield
                0x000026c8        0xc ./output/tasks.o
                0x000026c8                vTaskMissedYield

.text.xTaskGetSchedulerState
                0x000026d4       0x20
 .text.xTaskGetSchedulerState
                0x000026d4       0x20 ./output/tasks.o
                0x000026d4                xTaskGetSchedulerState

.text.xTaskPriorityDisinherit
                0x000026f4       0xb0
 .text.xTaskPriorityDisinherit
                0x000026f4       0xb0 ./output/tasks.o
                0x000026f4                xTaskPriorityDisinherit

.iplt           0x000027a4        0x0
 .iplt          0x000027a4        0x0 ./output/tasks.o

.text.vListInitialise
                0x000027a4       0x16
 .text.vListInitialise
                0x000027a4       0x16 ./output/list.o
                0x000027a4                vListInitialise

.text.vListInitialiseItem
                0x000027ba        0x6
 .text.vListInitialiseItem
                0x000027ba        0x6 ./output/list.o
                0x000027ba                vListInitialiseItem

.text.vListInsert
                0x000027c0       0x2e
 .text.vListInsert
                0x000027c0       0x2e ./output/list.o
                0x000027c0                vListInsert

.text.uxListRemove
                0x000027ee       0x1e
 .text.uxListRemove
                0x000027ee       0x1e ./output/list.o
                0x000027ee                uxListRemove

.text.prvIsQueueEmpty
                0x0000280c       0x16
 .text.prvIsQueueEmpty
                0x0000280c       0x16 ./output/queue.o

.text.prvCopyDataToQueue
                0x00002822       0x66
 .text.prvCopyDataToQueue
                0x00002822       0x66 ./output/queue.o

.text.prvCopyDataFromQueue
                0x00002888       0x28
 .text.prvCopyDataFromQueue
                0x00002888       0x28 ./output/queue.o

.text.prvNotifyQueueSetContainer
                0x000028b0       0x90
 .text.prvNotifyQueueSetContainer
                0x000028b0       0x90 ./output/queue.o

.text.prvUnlockQueue
                0x00002940       0x78
 .text.prvUnlockQueue
                0x00002940       0x78 ./output/queue.o

.text.xQueueGenericReset
                0x000029b8       0x98
 .text.xQueueGenericReset
                0x000029b8       0x98 ./output/queue.o
                0x000029b8                xQueueGenericReset

.text.prvInitialiseNewQueue
                0x00002a50       0x68
 .text.prvInitialiseNewQueue
                0x00002a50       0x68 ./output/queue.o

.text.xQueueGenericCreateStatic
                0x00002ab8       0x6c
 .text.xQueueGenericCreateStatic
                0x00002ab8       0x6c ./output/queue.o
                0x00002ab8                xQueueGenericCreateStatic

.text.xQueueGenericSend
                0x00002b24      0x20c
 .text.xQueueGenericSend
                0x00002b24      0x20c ./output/queue.o
                0x00002b24                xQueueGenericSend

.text.xQueueGenericSendFromISR
                0x00002d30      0x128
 .text.xQueueGenericSendFromISR
                0x00002d30      0x128 ./output/queue.o
                0x00002d30                xQueueGenericSendFromISR

.text.xQueueReceive
                0x00002e58      0x1d8
 .text.xQueueReceive
                0x00002e58      0x1d8 ./output/queue.o
                0x00002e58                xQueueReceive

.text.xQueueReceiveFromISR
                0x00003030       0xec
 .text.xQueueReceiveFromISR
                0x00003030       0xec ./output/queue.o
                0x00003030                xQueueReceiveFromISR

.text.xQueueIsQueueFullFromISR
                0x0000311c       0x20
 .text.xQueueIsQueueFullFromISR
                0x0000311c       0x20 ./output/queue.o
                0x0000311c                xQueueIsQueueFullFromISR

.text.vQueueAddToRegistry
                0x0000313c       0x58
 .text.vQueueAddToRegistry
                0x0000313c       0x58 ./output/queue.o
                0x0000313c                vQueueAddToRegistry

.text.vQueueWaitForMessageRestricted
                0x00003194       0x46
 .text.vQueueWaitForMessageRestricted
                0x00003194       0x46 ./output/queue.o
                0x00003194                vQueueWaitForMessageRestricted

.text.prvInsertTimerInActiveList
                0x000031dc       0x3c
 .text.prvInsertTimerInActiveList
                0x000031dc       0x3c ./output/timers.o

.text.prvReloadTimer
                0x00003218       0x30
 .text.prvReloadTimer
                0x00003218       0x30 ./output/timers.o

.text.prvProcessExpiredTimer
                0x00003248       0x48
 .text.prvProcessExpiredTimer
                0x00003248       0x48 ./output/timers.o

.text.prvSampleTimeNow
                0x00003290       0x4c
 .text.prvSampleTimeNow
                0x00003290       0x4c ./output/timers.o

.text.prvTimerTask
                0x000032dc      0x18c
 .text.prvTimerTask
                0x000032dc      0x18c ./output/timers.o

.text.prvCheckForValidListAndQueue
                0x00003468       0x68
 .text.prvCheckForValidListAndQueue
                0x00003468       0x68 ./output/timers.o

.text.xTimerCreateTimerTask
                0x000034d0       0x64
 .text.xTimerCreateTimerTask
                0x000034d0       0x64 ./output/timers.o
                0x000034d0                xTimerCreateTimerTask

.text.vPortFree
                0x00003534      0x11c
 .text.vPortFree
                0x00003534      0x11c ./output/heap_4.o
                0x00003534                vPortFree

.text.vPortSVCHandler
                0x00003650       0x24
 .text.vPortSVCHandler
                0x00003650       0x24 ./output/port.o
                0x00003650                vPortSVCHandler

.text.prvPortStartFirstTask
                0x00003674       0x20
 .text.prvPortStartFirstTask
                0x00003674       0x20 ./output/port.o

.text.xPortPendSVHandler
                0x00003694       0x44
 .text.xPortPendSVHandler
                0x00003694       0x44 ./output/port.o
                0x00003694                xPortPendSVHandler

.text.prvTaskExitError
                0x000036d8       0x3c
 .text.prvTaskExitError
                0x000036d8       0x3c ./output/port.o

.text.pxPortInitialiseStack
                0x00003714       0x24
 .text.pxPortInitialiseStack
                0x00003714       0x24 ./output/port.o
                0x00003714                pxPortInitialiseStack

.text.vPortEnterCritical
                0x00003738       0x3c
 .text.vPortEnterCritical
                0x00003738       0x3c ./output/port.o
                0x00003738                vPortEnterCritical

.text.vPortExitCritical
                0x00003774       0x28
 .text.vPortExitCritical
                0x00003774       0x28 ./output/port.o
                0x00003774                vPortExitCritical

.text.xPortSysTickHandler
                0x0000379c       0x2c
 .text.xPortSysTickHandler
                0x0000379c       0x2c ./output/port.o
                0x0000379c                xPortSysTickHandler

.text.vPortSetupTimerInterrupt
                0x000037c8       0x16
 .text.vPortSetupTimerInterrupt
                0x000037c8       0x16 ./output/port.o
                0x000037c8                vPortSetupTimerInterrupt

.text.xPortStartScheduler
                0x000037e0      0x10c
 .text.xPortStartScheduler
                0x000037e0      0x10c ./output/port.o
                0x000037e0                xPortStartScheduler

.text.vPortValidateInterruptPriority
                0x000038ec       0x54
 .text.vPortValidateInterruptPriority
                0x000038ec       0x54 ./output/port.o
                0x000038ec                vPortValidateInterruptPriority

.text.prvRecordValue_NormallyFull
                0x00003940       0x28
 .text.prvRecordValue_NormallyFull
                0x00003940       0x28 ./output/IntQueue.o

.text.prvRecordValue_NormallyEmpty
                0x00003968       0x28
 .text.prvRecordValue_NormallyEmpty
                0x00003968       0x28 ./output/IntQueue.o

.text.xFirstTimerHandler
                0x00003990      0x138
 .text.xFirstTimerHandler
                0x00003990      0x138 ./output/IntQueue.o
                0x00003990                xFirstTimerHandler

.text.xSecondTimerHandler
                0x00003ac8      0x1e8
 .text.xSecondTimerHandler
                0x00003ac8      0x1e8 ./output/IntQueue.o
                0x00003ac8                xSecondTimerHandler

.text.TIMER0_Handler
                0x00003cb0       0x3c
 .text.TIMER0_Handler
                0x00003cb0       0x3c ./output/IntQueueTimer.o
                0x00003cb0                TIMER0_Handler

.text.TIMER1_Handler
                0x00003cec       0x3c
 .text.TIMER1_Handler
                0x00003cec       0x3c ./output/IntQueueTimer.o
                0x00003cec                TIMER1_Handler

.text.startup.main
                0x00003d28       0x28
 .text.startup.main
                0x00003d28       0x28 ./output/main.o
                0x00003d28                main

.text.vApplicationStackOverflowHook
                0x00003d50       0x20
 .text.vApplicationStackOverflowHook
                0x00003d50       0x20 ./output/main.o
                0x00003d50                vApplicationStackOverflowHook

.text.vApplicationTickHook
                0x00003d70        0x2
 .text.vApplicationTickHook
                0x00003d70        0x2 ./output/main.o
                0x00003d70                vApplicationTickHook

.text.vAssertCalled
                0x00003d74       0x2c
 .text.vAssertCalled
                0x00003d74       0x2c ./output/main.o
                0x00003d74                vAssertCalled

.text.vApplicationGetIdleTaskMemory
                0x00003da0       0x18
 .text.vApplicationGetIdleTaskMemory
                0x00003da0       0x18 ./output/main.o
                0x00003da0                vApplicationGetIdleTaskMemory

.text.vApplicationGetTimerTaskMemory
                0x00003db8       0x18
 .text.vApplicationGetTimerTaskMemory
                0x00003db8       0x18 ./output/main.o
                0x00003db8                vApplicationGetTimerTaskMemory

.text.simple_rand
                0x00003dd0       0x1c
 .text.simple_rand
                0x00003dd0       0x1c ./output/main_blinky.o

.text.AlertTask
                0x00003dec       0x2c
 .text.AlertTask
                0x00003dec       0x2c ./output/main_blinky.o

.text.DataLoggerTask
                0x00003e18       0x18
 .text.DataLoggerTask
                0x00003e18       0x18 ./output/main_blinky.o

.text.CommandHandlerTask
                0x00003e30       0x60
 .text.CommandHandlerTask
                0x00003e30       0x60 ./output/main_blinky.o

.text.SystemMonitorTask
                0x00003e90       0x44
 .text.SystemMonitorTask
                0x00003e90       0x44 ./output/main_blinky.o

.text.DataProcessorTask
                0x00003ed4       0xe8
 .text.DataProcessorTask
                0x00003ed4       0xe8 ./output/main_blinky.o

.text.SensorReaderTask
                0x00003fbc       0xc4
 .text.SensorReaderTask
                0x00003fbc       0xc4 ./output/main_blinky.o

.text.main_blinky
                0x00004080      0x174
 .text.main_blinky
                0x00004080      0x174 ./output/main_blinky.o
                0x00004080                main_blinky

.text.Default_Handler
                0x00004200        0xc
 .text.Default_Handler
                0x00004200        0xc ./output/startup_gcc.o

.text.HardFault_Handler
                0x00004300       0x18
 .text.HardFault_Handler
                0x00004300       0x18 ./output/startup_gcc.o

.text.Reset_Handler
                0x00004318        0x4
 .text.Reset_Handler
                0x00004318        0x4 ./output/startup_gcc.o
                0x00004318                Reset_Handler

.text.prvGetRegistersFromStack
                0x0000431c       0x6c
 .text.prvGetRegistersFromStack
                0x0000431c       0x6c ./output/startup_gcc.o

.text.printchar
                0x00004388       0x1e
 .text.printchar
                0x00004388       0x1e ./output/printf-stdarg.o

.text.prints    0x000043a6       0x8a
 .text.prints   0x000043a6       0x8a ./output/printf-stdarg.o

.text.printi    0x00004430       0xa0
 .text.printi   0x00004430       0xa0 ./output/printf-stdarg.o

.text.tiny_print
                0x000044d0      0x124
 .text.tiny_print
                0x000044d0      0x124 ./output/printf-stdarg.o

.text.printf    0x000045f4       0x1e
 .text.printf   0x000045f4       0x1e ./output/printf-stdarg.o
                0x000045f4                printf

.text.snprintf  0x00004612       0x20
 .text.snprintf
                0x00004612       0x20 ./output/printf-stdarg.o
                0x00004612                snprintf

.text.TzCtrl    0x00004632       0x10
 .text.TzCtrl   0x00004632       0x10 ./output/trcKernelPort.o

.text.xTraceKernelPortInitialize
                0x00004644       0x18
 .text.xTraceKernelPortInitialize
                0x00004644       0x18 ./output/trcKernelPort.o
                0x00004644                xTraceKernelPortInitialize

.text.xTraceKernelPortEnable
                0x0000465c       0x68
 .text.xTraceKernelPortEnable
                0x0000465c       0x68 ./output/trcKernelPort.o
                0x0000465c                xTraceKernelPortEnable

.text.xTraceKernelPortGetSystemHeapHandle
                0x000046c4        0xc
 .text.xTraceKernelPortGetSystemHeapHandle
                0x000046c4        0xc ./output/trcKernelPort.o
                0x000046c4                xTraceKernelPortGetSystemHeapHandle

.text.xTraceStreamPortInitialize
                0x000046d0       0xd8
 .text.xTraceStreamPortInitialize
                0x000046d0       0xd8 ./output/trcStreamPort.o
                0x000046d0                xTraceStreamPortInitialize

.text.xTraceStreamPortOnTraceBegin
                0x000047a8        0xc
 .text.xTraceStreamPortOnTraceBegin
                0x000047a8        0xc ./output/trcStreamPort.o
                0x000047a8                xTraceStreamPortOnTraceBegin

.text.prvTraceAssertCreate
                0x000047b4       0x90
 .text.prvTraceAssertCreate
                0x000047b4       0x90 ./output/trcAssert.o
                0x000047b4                prvTraceAssertCreate

.text.xTraceAssertInitialize
                0x00004844       0x34
 .text.xTraceAssertInitialize
                0x00004844       0x34 ./output/trcAssert.o
                0x00004844                xTraceAssertInitialize

.text.xTraceAssertGet
                0x00004878       0x50
 .text.xTraceAssertGet
                0x00004878       0x50 ./output/trcAssert.o
                0x00004878                xTraceAssertGet

.text.xTraceCounterInitialize
                0x000048c8       0x34
 .text.xTraceCounterInitialize
                0x000048c8       0x34 ./output/trcCounter.o
                0x000048c8                xTraceCounterInitialize

.text.xTraceDiagnosticsInitialize
                0x000048fc       0x3c
 .text.xTraceDiagnosticsInitialize
                0x000048fc       0x3c ./output/trcDiagnostics.o
                0x000048fc                xTraceDiagnosticsInitialize

.text.xTraceDiagnosticsAdd
                0x00004938       0x3c
 .text.xTraceDiagnosticsAdd
                0x00004938       0x3c ./output/trcDiagnostics.o
                0x00004938                xTraceDiagnosticsAdd

.text.xTraceDiagnosticsIncrease
                0x00004974        0x6
 .text.xTraceDiagnosticsIncrease
                0x00004974        0x6 ./output/trcDiagnostics.o
                0x00004974                xTraceDiagnosticsIncrease

.text.xTraceDiagnosticsSetIfHigher
                0x0000497c       0x40
 .text.xTraceDiagnosticsSetIfHigher
                0x0000497c       0x40 ./output/trcDiagnostics.o
                0x0000497c                xTraceDiagnosticsSetIfHigher

.text.xTraceDiagnosticsCheckStatus
                0x000049bc       0x70
 .text.xTraceDiagnosticsCheckStatus
                0x000049bc       0x70 ./output/trcDiagnostics.o
                0x000049bc                xTraceDiagnosticsCheckStatus

.text.xTraceEntryIndexTableInitialize
                0x00004a2c       0x2c
 .text.xTraceEntryIndexTableInitialize
                0x00004a2c       0x2c ./output/trcEntryTable.o
                0x00004a2c                xTraceEntryIndexTableInitialize

.text.xTraceEntryTableInitialize
                0x00004a58       0x54
 .text.xTraceEntryTableInitialize
                0x00004a58       0x54 ./output/trcEntryTable.o
                0x00004a58                xTraceEntryTableInitialize

.text.xTraceEntryCreate
                0x00004aac       0x7c
 .text.xTraceEntryCreate
                0x00004aac       0x7c ./output/trcEntryTable.o
                0x00004aac                xTraceEntryCreate

.text.xTraceEntryFind
                0x00004b28       0x58
 .text.xTraceEntryFind
                0x00004b28       0x58 ./output/trcEntryTable.o
                0x00004b28                xTraceEntryFind

.text.xTraceEntrySetSymbol
                0x00004b80       0x68
 .text.xTraceEntrySetSymbol
                0x00004b80       0x68 ./output/trcEntryTable.o
                0x00004b80                xTraceEntrySetSymbol

.text.xTraceEntryCreateWithAddress
                0x00004be8       0x2c
 .text.xTraceEntryCreateWithAddress
                0x00004be8       0x2c ./output/trcEntryTable.o
                0x00004be8                xTraceEntryCreateWithAddress

.text.xTraceEntrySetState
                0x00004c14       0x54
 .text.xTraceEntrySetState
                0x00004c14       0x54 ./output/trcEntryTable.o
                0x00004c14                xTraceEntrySetState

.text.xTraceEntrySetOptions
                0x00004c68       0x48
 .text.xTraceEntrySetOptions
                0x00004c68       0x48 ./output/trcEntryTable.o
                0x00004c68                xTraceEntrySetOptions

.text.xTraceEntryGetAddress
                0x00004cb0       0x50
 .text.xTraceEntryGetAddress
                0x00004cb0       0x50 ./output/trcEntryTable.o
                0x00004cb0                xTraceEntryGetAddress

.text.xTraceEntryGetState
                0x00004d00       0x5c
 .text.xTraceEntryGetState
                0x00004d00       0x5c ./output/trcEntryTable.o
                0x00004d00                xTraceEntryGetState

.text.prvTraceErrorGetDescription
                0x00004d5c       0x90
 .text.prvTraceErrorGetDescription
                0x00004d5c       0x90 ./output/trcError.o

.text.prvTraceErrorPrint
                0x00004dec       0x74
 .text.prvTraceErrorPrint
                0x00004dec       0x74 ./output/trcError.o

.text.xTraceErrorInitialize
                0x00004e60       0x38
 .text.xTraceErrorInitialize
                0x00004e60       0x38 ./output/trcError.o
                0x00004e60                xTraceErrorInitialize

.text.xTraceWarning
                0x00004e98       0x3c
 .text.xTraceWarning
                0x00004e98       0x3c ./output/trcError.o
                0x00004e98                xTraceWarning

.text.xTraceError
                0x00004ed4       0x50
 .text.xTraceError
                0x00004ed4       0x50 ./output/trcError.o
                0x00004ed4                xTraceError

.text.xTraceEventInitialize
                0x00004f24       0x34
 .text.xTraceEventInitialize
                0x00004f24       0x34 ./output/trcEvent.o
                0x00004f24                xTraceEventInitialize

.text.xTraceEventCreate1
                0x00004f58       0x94
 .text.xTraceEventCreate1
                0x00004f58       0x94 ./output/trcEvent.o
                0x00004f58                xTraceEventCreate1

.text.xTraceEventCreate2
                0x00004fec       0x98
 .text.xTraceEventCreate2
                0x00004fec       0x98 ./output/trcEvent.o
                0x00004fec                xTraceEventCreate2

.text.xTraceEventCreate3
                0x00005084       0x9c
 .text.xTraceEventCreate3
                0x00005084       0x9c ./output/trcEvent.o
                0x00005084                xTraceEventCreate3

.text.xTraceEventCreate4
                0x00005120       0xa0
 .text.xTraceEventCreate4
                0x00005120       0xa0 ./output/trcEvent.o
                0x00005120                xTraceEventCreate4

.text.xTraceEventCreateDataOffline0
                0x000051c0       0x9c
 .text.xTraceEventCreateDataOffline0
                0x000051c0       0x9c ./output/trcEvent.o
                0x000051c0                xTraceEventCreateDataOffline0

.text.xTraceEventCreateData1
                0x0000525c       0xb8
 .text.xTraceEventCreateData1
                0x0000525c       0xb8 ./output/trcEvent.o
                0x0000525c                xTraceEventCreateData1

.text.xTraceEventCreateData2
                0x00005314       0xc0
 .text.xTraceEventCreateData2
                0x00005314       0xc0 ./output/trcEvent.o
                0x00005314                xTraceEventCreateData2

.text.xTraceEventCreateData3
                0x000053d4       0xc4
 .text.xTraceEventCreateData3
                0x000053d4       0xc4 ./output/trcEvent.o
                0x000053d4                xTraceEventCreateData3

.text.xTraceEventCreateData4
                0x00005498       0xc8
 .text.xTraceEventCreateData4
                0x00005498       0xc8 ./output/trcEvent.o
                0x00005498                xTraceEventCreateData4

.text.xTraceEventCreateData5
                0x00005560       0xcc
 .text.xTraceEventCreateData5
                0x00005560       0xcc ./output/trcEvent.o
                0x00005560                xTraceEventCreateData5

.text.xTraceEventCreateData6
                0x0000562c       0xd4
 .text.xTraceEventCreateData6
                0x0000562c       0xd4 ./output/trcEvent.o
                0x0000562c                xTraceEventCreateData6

.text.xTraceEventGetSize
                0x00005700       0x38
 .text.xTraceEventGetSize
                0x00005700       0x38 ./output/trcEvent.o
                0x00005700                xTraceEventGetSize

.text.prvTraceEventBufferAllocPop.isra.0
                0x00005738       0x48
 .text.prvTraceEventBufferAllocPop.isra.0
                0x00005738       0x48 ./output/trcEventBuffer.o

.text.xTraceEventBufferInitialize
                0x00005780       0x48
 .text.xTraceEventBufferInitialize
                0x00005780       0x48 ./output/trcEventBuffer.o
                0x00005780                xTraceEventBufferInitialize

.text.xTraceEventBufferAlloc
                0x000057c8       0xfc
 .text.xTraceEventBufferAlloc
                0x000057c8       0xfc ./output/trcEventBuffer.o
                0x000057c8                xTraceEventBufferAlloc

.text.xTraceEventBufferAllocCommit
                0x000058c4       0x2c
 .text.xTraceEventBufferAllocCommit
                0x000058c4       0x2c ./output/trcEventBuffer.o
                0x000058c4                xTraceEventBufferAllocCommit

.text.xTraceEventBufferClear
                0x000058f0       0x28
 .text.xTraceEventBufferClear
                0x000058f0       0x28 ./output/trcEventBuffer.o
                0x000058f0                xTraceEventBufferClear

.text.xTraceExtensionInitialize
                0x00005918       0x34
 .text.xTraceExtensionInitialize
                0x00005918       0x34 ./output/trcExtension.o
                0x00005918                xTraceExtensionInitialize

.text.xTraceHeapCreate
                0x0000594c       0x2a
 .text.xTraceHeapCreate
                0x0000594c       0x2a ./output/trcHeap.o
                0x0000594c                xTraceHeapCreate

.text.xTraceHeapFree
                0x00005978       0x50
 .text.xTraceHeapFree
                0x00005978       0x50 ./output/trcHeap.o
                0x00005978                xTraceHeapFree

.text.xTraceISRInitialize
                0x000059c8       0x48
 .text.xTraceISRInitialize
                0x000059c8       0x48 ./output/trcISR.o
                0x000059c8                xTraceISRInitialize

.text.xTraceMultiCoreEventBufferInitialize
                0x00005a10       0x3c
 .text.xTraceMultiCoreEventBufferInitialize
                0x00005a10       0x3c ./output/trcMultiCoreEventBuffer.o
                0x00005a10                xTraceMultiCoreEventBufferInitialize

.text.xTraceMultiCoreEventBufferAlloc
                0x00005a4c       0x20
 .text.xTraceMultiCoreEventBufferAlloc
                0x00005a4c       0x20 ./output/trcMultiCoreEventBuffer.o
                0x00005a4c                xTraceMultiCoreEventBufferAlloc

.text.xTraceMultiCoreEventBufferAllocCommit
                0x00005a6c       0x20
 .text.xTraceMultiCoreEventBufferAllocCommit
                0x00005a6c       0x20 ./output/trcMultiCoreEventBuffer.o
                0x00005a6c                xTraceMultiCoreEventBufferAllocCommit

.text.xTraceMultiCoreEventBufferClear
                0x00005a8c       0x24
 .text.xTraceMultiCoreEventBufferClear
                0x00005a8c       0x24 ./output/trcMultiCoreEventBuffer.o
                0x00005a8c                xTraceMultiCoreEventBufferClear

.text.xTraceObjectSetName
                0x00005ab0       0x48
 .text.xTraceObjectSetName
                0x00005ab0       0x48 ./output/trcObject.o
                0x00005ab0                xTraceObjectSetName

.text.xTraceObjectRegisterInternal
                0x00005af8       0xfc
 .text.xTraceObjectRegisterInternal
                0x00005af8       0xfc ./output/trcObject.o
                0x00005af8                xTraceObjectRegisterInternal

.text.xTraceObjectRegisterWithoutHandle
                0x00005bf4       0x1e
 .text.xTraceObjectRegisterWithoutHandle
                0x00005bf4       0x1e ./output/trcObject.o
                0x00005bf4                xTraceObjectRegisterWithoutHandle

.text.xTraceObjectSetNameWithoutHandle
                0x00005c12       0x38
 .text.xTraceObjectSetNameWithoutHandle
                0x00005c12       0x38 ./output/trcObject.o
                0x00005c12                xTraceObjectSetNameWithoutHandle

.text.prvTraceVPrintF
                0x00005c4c       0xf0
 .text.prvTraceVPrintF
                0x00005c4c       0xf0 ./output/trcPrint.o

.text.xTracePrintInitialize
                0x00005d3c       0x34
 .text.xTracePrintInitialize
                0x00005d3c       0x34 ./output/trcPrint.o
                0x00005d3c                xTracePrintInitialize

.text.xTracePrint
                0x00005d70       0x3c
 .text.xTracePrint
                0x00005d70       0x3c ./output/trcPrint.o
                0x00005d70                xTracePrint

.text.xTraceVPrintF
                0x00005dac       0x4c
 .text.xTraceVPrintF
                0x00005dac       0x4c ./output/trcPrint.o
                0x00005dac                xTraceVPrintF

.text.xTracePrintF
                0x00005df8       0x2c
 .text.xTracePrintF
                0x00005df8       0x2c ./output/trcPrint.o
                0x00005df8                xTracePrintF

.text.xTraceStaticBufferInitialize
                0x00005e24       0x30
 .text.xTraceStaticBufferInitialize
                0x00005e24       0x30 ./output/trcStaticBuffer.o
                0x00005e24                xTraceStaticBufferInitialize

.text.xTraceInitialize
                0x00005e54       0xfc
 .text.xTraceInitialize
                0x00005e54       0xfc ./output/trcStreamingRecorder.o
                0x00005e54                xTraceInitialize

.text.xTraceHeaderInitialize
                0x00005f50       0x4c
 .text.xTraceHeaderInitialize
                0x00005f50       0x4c ./output/trcStreamingRecorder.o
                0x00005f50                xTraceHeaderInitialize

.text.xTraceEnable
                0x00005f9c       0xac
 .text.xTraceEnable
                0x00005f9c       0xac ./output/trcStreamingRecorder.o
                0x00005f9c                xTraceEnable

.text.xTraceDisable
                0x00006048       0x24
 .text.xTraceDisable
                0x00006048       0x24 ./output/trcStreamingRecorder.o
                0x00006048                xTraceDisable

.text.xTraceTzCtrl
                0x0000606c       0x24
 .text.xTraceTzCtrl
                0x0000606c       0x24 ./output/trcStreamingRecorder.o
                0x0000606c                xTraceTzCtrl

.text.xTraceStringRegister
                0x00006090       0x58
 .text.xTraceStringRegister
                0x00006090       0x58 ./output/trcString.o
                0x00006090                xTraceStringRegister

.text.xTraceTaskInitialize
                0x000060e8       0x34
 .text.xTraceTaskInitialize
                0x000060e8       0x34 ./output/trcTask.o
                0x000060e8                xTraceTaskInitialize

.text.xTraceTaskSwitch
                0x0000611c       0x50
 .text.xTraceTaskSwitch
                0x0000611c       0x50 ./output/trcTask.o
                0x0000611c                xTraceTaskSwitch

.text.xTraceTimestampInitialize
                0x0000616c       0x48
 .text.xTraceTimestampInitialize
                0x0000616c       0x48 ./output/trcTimestamp.o
                0x0000616c                xTraceTimestampInitialize

.text.xTraceTimestampGet
                0x000061b4       0x80
 .text.xTraceTimestampGet
                0x000061b4       0x80 ./output/trcTimestamp.o
                0x000061b4                xTraceTimestampGet

.text.xTraceTimestampGetWraparounds
                0x00006234       0x34
 .text.xTraceTimestampGetWraparounds
                0x00006234       0x34 ./output/trcTimestamp.o
                0x00006234                xTraceTimestampGetWraparounds

.text.xTraceTimestampSetFrequency
                0x00006268       0x2c
 .text.xTraceTimestampSetFrequency
                0x00006268       0x2c ./output/trcTimestamp.o
                0x00006268                xTraceTimestampSetFrequency

.text.xTraceTimestampSetPeriod
                0x00006294       0x2c
 .text.xTraceTimestampSetPeriod
                0x00006294       0x2c ./output/trcTimestamp.o
                0x00006294                xTraceTimestampSetPeriod

.text.xTraceTimestampSetOsTickCount
                0x000062c0       0x2c
 .text.xTraceTimestampSetOsTickCount
                0x000062c0       0x2c ./output/trcTimestamp.o
                0x000062c0                xTraceTimestampSetOsTickCount

.text.xTraceTimestampGetFrequency
                0x000062ec       0x34
 .text.xTraceTimestampGetFrequency
                0x000062ec       0x34 ./output/trcTimestamp.o
                0x000062ec                xTraceTimestampGetFrequency

.text.xTraceTimestampGetPeriod
                0x00006320       0x34
 .text.xTraceTimestampGetPeriod
                0x00006320       0x34 ./output/trcTimestamp.o
                0x00006320                xTraceTimestampGetPeriod

.rel.dyn        0x00006354        0x0
 .rel.iplt      0x00006354        0x0 ./output/tasks.o

.ARM.exidx      0x00006354        0x8
 .ARM.exidx     0x00006354        0x8 /usr/lib/gcc/arm-none-eabi/13.2.1/../../../arm-none-eabi/lib/thumb/v7-m/nofp/libg_nano.a(libc_a-memcpy.o)

.data           0x20000000       0x5c
                0x20000000                        . = ALIGN (0x8)
                0x20000000                        _data = .
                0x20000000                        _sdata = .
 *(vtable)
 *(.data)
 .data          0x20000000       0x50 /usr/lib/gcc/arm-none-eabi/13.2.1/../../../arm-none-eabi/lib/thumb/v7-m/nofp/libg_nano.a(libc_a-impure.o)
                0x20000000                _impure_ptr
                0x20000004                _impure_data
 .data          0x20000050        0xc /usr/lib/gcc/arm-none-eabi/13.2.1/../../../arm-none-eabi/lib/thumb/v7-m/nofp/libg_nano.a(libc_a-findfp.o)
                0x20000050                __sglue
                0x2000005c                        _edata = .

.igot.plt       0x2000005c        0x0
 .igot.plt      0x2000005c        0x0 ./output/tasks.o

.data.uxCriticalNesting
                0x2000005c        0x4
 .data.uxCriticalNesting
                0x2000005c        0x4 ./output/port.o

.data.xErrorStatus
                0x20000060        0x4
 .data.xErrorStatus
                0x20000060        0x4 ./output/IntQueue.o

.data.lfsr      0x20000064        0x4
 .data.lfsr     0x20000064        0x4 ./output/main_blinky.o

.bss            0x20000068      0x14c
                0x20000068                        . = ALIGN (0x8)
                0x20000068                        _bss = .
                0x20000068                        _sbss = .
 *(.bss)
 .bss           0x20000068      0x13c /usr/lib/gcc/arm-none-eabi/13.2.1/../../../arm-none-eabi/lib/thumb/v7-m/nofp/libg_nano.a(libc_a-findfp.o)
                0x20000068                __sf
                0x200001a0                __stdio_exit_handler
 .bss           0x200001a4        0x8 /usr/lib/gcc/arm-none-eabi/13.2.1/../../../arm-none-eabi/lib/thumb/v7-m/nofp/libg_nano.a(libc_a-mallocr.o)
                0x200001a4                __malloc_sbrk_start
                0x200001a8                __malloc_free_list
 .bss           0x200001ac        0x4 /usr/lib/gcc/arm-none-eabi/13.2.1/../../../arm-none-eabi/lib/thumb/v7-m/nofp/libg_nano.a(libc_a-reent.o)
                0x200001ac                errno
 .bss           0x200001b0        0x4 /usr/lib/gcc/arm-none-eabi/13.2.1/../../../arm-none-eabi/lib/thumb/v7-m/nofp/libnosys.a(sbrk.o)
                0x200001b4                        _ebss = .

.bss.uxSchedulerSuspended
                0x200001b4        0x4
 .bss.uxSchedulerSuspended
                0x200001b4        0x4 ./output/tasks.o

.bss.xIdleTaskHandles
                0x200001b8        0x4
 .bss.xIdleTaskHandles
                0x200001b8        0x4 ./output/tasks.o

.bss.xNextTaskUnblockTime
                0x200001bc        0x4
 .bss.xNextTaskUnblockTime
                0x200001bc        0x4 ./output/tasks.o

.bss.uxTaskNumber
                0x200001c0        0x4
 .bss.uxTaskNumber
                0x200001c0        0x4 ./output/tasks.o

.bss.xNumOfOverflows
                0x200001c4        0x4
 .bss.xNumOfOverflows
                0x200001c4        0x4 ./output/tasks.o

.bss.xYieldPendings
                0x200001c8        0x4
 .bss.xYieldPendings
                0x200001c8        0x4 ./output/tasks.o

.bss.xPendedTicks
                0x200001cc        0x4
 .bss.xPendedTicks
                0x200001cc        0x4 ./output/tasks.o

.bss.xSchedulerRunning
                0x200001d0        0x4
 .bss.xSchedulerRunning
                0x200001d0        0x4 ./output/tasks.o

.bss.uxTopReadyPriority
                0x200001d4        0x4
 .bss.uxTopReadyPriority
                0x200001d4        0x4 ./output/tasks.o

.bss.xTickCount
                0x200001d8        0x4
 .bss.xTickCount
                0x200001d8        0x4 ./output/tasks.o

.bss.uxCurrentNumberOfTasks
                0x200001dc        0x4
 .bss.uxCurrentNumberOfTasks
                0x200001dc        0x4 ./output/tasks.o

.bss.xSuspendedTaskList
                0x200001e0       0x14
 .bss.xSuspendedTaskList
                0x200001e0       0x14 ./output/tasks.o

.bss.uxDeletedTasksWaitingCleanUp
                0x200001f4        0x4
 .bss.uxDeletedTasksWaitingCleanUp
                0x200001f4        0x4 ./output/tasks.o

.bss.xTasksWaitingTermination
                0x200001f8       0x14
 .bss.xTasksWaitingTermination
                0x200001f8       0x14 ./output/tasks.o

.bss.xPendingReadyList
                0x2000020c       0x14
 .bss.xPendingReadyList
                0x2000020c       0x14 ./output/tasks.o

.bss.pxOverflowDelayedTaskList
                0x20000220        0x4
 .bss.pxOverflowDelayedTaskList
                0x20000220        0x4 ./output/tasks.o

.bss.pxDelayedTaskList
                0x20000224        0x4
 .bss.pxDelayedTaskList
                0x20000224        0x4 ./output/tasks.o

.bss.xDelayedTaskList2
                0x20000228       0x14
 .bss.xDelayedTaskList2
                0x20000228       0x14 ./output/tasks.o

.bss.xDelayedTaskList1
                0x2000023c       0x14
 .bss.xDelayedTaskList1
                0x2000023c       0x14 ./output/tasks.o

.bss.pxReadyTasksLists
                0x20000250       0xb4
 .bss.pxReadyTasksLists
                0x20000250       0xb4 ./output/tasks.o

.bss.pxCurrentTCB
                0x20000304        0x4
 .bss.pxCurrentTCB
                0x20000304        0x4 ./output/tasks.o
                0x20000304                pxCurrentTCB

.bss.xQueueRegistry
                0x20000308       0x50
 .bss.xQueueRegistry
                0x20000308       0x50 ./output/queue.o
                0x20000308                xQueueRegistry

.bss.xStaticTimerQueue.0
                0x20000358       0x54
 .bss.xStaticTimerQueue.0
                0x20000358       0x54 ./output/timers.o

.bss.ucStaticTimerQueueStorage.1
                0x200003ac      0x140
 .bss.ucStaticTimerQueueStorage.1
                0x200003ac      0x140 ./output/timers.o

.bss.xLastTime.2
                0x200004ec        0x4
 .bss.xLastTime.2
                0x200004ec        0x4 ./output/timers.o

.bss.xTimerTaskHandle
                0x200004f0        0x4
 .bss.xTimerTaskHandle
                0x200004f0        0x4 ./output/timers.o

.bss.xTimerQueue
                0x200004f4        0x4
 .bss.xTimerQueue
                0x200004f4        0x4 ./output/timers.o

.bss.pxOverflowTimerList
                0x200004f8        0x4
 .bss.pxOverflowTimerList
                0x200004f8        0x4 ./output/timers.o

.bss.pxCurrentTimerList
                0x200004fc        0x4
 .bss.pxCurrentTimerList
                0x200004fc        0x4 ./output/timers.o

.bss.xActiveTimerList2
                0x20000500       0x14
 .bss.xActiveTimerList2
                0x20000500       0x14 ./output/timers.o

.bss.xActiveTimerList1
                0x20000514       0x14
 .bss.xActiveTimerList1
                0x20000514       0x14 ./output/timers.o

.bss.xNumberOfSuccessfulFrees
                0x20000528        0x4
 .bss.xNumberOfSuccessfulFrees
                0x20000528        0x4 ./output/heap_4.o

.bss.xFreeBytesRemaining
                0x2000052c        0x4
 .bss.xFreeBytesRemaining
                0x2000052c        0x4 ./output/heap_4.o

.bss.pxEnd      0x20000530        0x4
 .bss.pxEnd     0x20000530        0x4 ./output/heap_4.o

.bss.xStart     0x20000534        0x8
 .bss.xStart    0x20000534        0x8 ./output/heap_4.o

.bss.ucHeap     0x2000053c    0x19000
 .bss.ucHeap    0x2000053c    0x19000 ./output/heap_4.o

.bss.ulMaxPRIGROUPValue
                0x2001953c        0x4
 .bss.ulMaxPRIGROUPValue
                0x2001953c        0x4 ./output/port.o

.bss.ucMaxSysCallPriority
                0x20019540        0x1
 .bss.ucMaxSysCallPriority
                0x20019540        0x1 ./output/port.o

.bss.uxNextOperation.4
                0x20019544        0x4
 .bss.uxNextOperation.4
                0x20019544        0x4 ./output/IntQueue.o

.bss.uxNextOperation.5
                0x20019548        0x4
 .bss.uxNextOperation.5
                0x20019548        0x4 ./output/IntQueue.o

.bss.ucNormallyFullReceivedValues
                0x2001954c       0xc8
 .bss.ucNormallyFullReceivedValues
                0x2001954c       0xc8 ./output/IntQueue.o

.bss.ucNormallyEmptyReceivedValues
                0x20019614       0xc8
 .bss.ucNormallyEmptyReceivedValues
                0x20019614       0xc8 ./output/IntQueue.o

.bss.uxValueForNormallyFullQueue
                0x200196dc        0x4
 .bss.uxValueForNormallyFullQueue
                0x200196dc        0x4 ./output/IntQueue.o

.bss.uxValueForNormallyEmptyQueue
                0x200196e0        0x4
 .bss.uxValueForNormallyEmptyQueue
                0x200196e0        0x4 ./output/IntQueue.o

.bss.xErrorLine
                0x200196e4        0x4
 .bss.xErrorLine
                0x200196e4        0x4 ./output/IntQueue.o

.bss.xNormallyFullQueue
                0x200196e8        0x4
 .bss.xNormallyFullQueue
                0x200196e8        0x4 ./output/IntQueue.o

.bss.xNormallyEmptyQueue
                0x200196ec        0x4
 .bss.xNormallyEmptyQueue
                0x200196ec        0x4 ./output/IntQueue.o

.bss.ulNestCount
                0x200196f0        0x4
 .bss.ulNestCount
                0x200196f0        0x4 ./output/IntQueueTimer.o
                0x200196f0                ulNestCount

.bss.ulNest     0x200196f4        0x4
 .bss.ulNest    0x200196f4        0x4 ./output/IntQueueTimer.o
                0x200196f4                ulNest

.bss.uxTimerTaskStack.0
                0x200196f8      0x400
 .bss.uxTimerTaskStack.0
                0x200196f8      0x400 ./output/main.o

.bss.xTimerTaskTCB.1
                0x20019af8       0x64
 .bss.xTimerTaskTCB.1
                0x20019af8       0x64 ./output/main.o

.bss.uxIdleTaskStack.2
                0x20019b5c      0x200
 .bss.uxIdleTaskStack.2
                0x20019b5c      0x200 ./output/main.o

.bss.xIdleTaskTCB.3
                0x20019d5c       0x64
 .bss.xIdleTaskTCB.3
                0x20019d5c       0x64 ./output/main.o

.bss.alertTCB   0x20019dc0       0x64
 .bss.alertTCB  0x20019dc0       0x64 ./output/main_blinky.o

.bss.alertStack
                0x20019e24      0x200
 .bss.alertStack
                0x20019e24      0x200 ./output/main_blinky.o

.bss.loggerTCB  0x2001a024       0x64
 .bss.loggerTCB
                0x2001a024       0x64 ./output/main_blinky.o

.bss.loggerStack
                0x2001a088      0x200
 .bss.loggerStack
                0x2001a088      0x200 ./output/main_blinky.o

.bss.commandTCB
                0x2001a288       0x64
 .bss.commandTCB
                0x2001a288       0x64 ./output/main_blinky.o

.bss.commandStack
                0x2001a2ec      0x200
 .bss.commandStack
                0x2001a2ec      0x200 ./output/main_blinky.o

.bss.monitorTCB
                0x2001a4ec       0x64
 .bss.monitorTCB
                0x2001a4ec       0x64 ./output/main_blinky.o

.bss.monitorStack
                0x2001a550      0x200
 .bss.monitorStack
                0x2001a550      0x200 ./output/main_blinky.o

.bss.processorTCB
                0x2001a750       0x64
 .bss.processorTCB
                0x2001a750       0x64 ./output/main_blinky.o

.bss.processorStack
                0x2001a7b4      0x200
 .bss.processorStack
                0x2001a7b4      0x200 ./output/main_blinky.o

.bss.sensorTCB  0x2001a9b4       0x64
 .bss.sensorTCB
                0x2001a9b4       0x64 ./output/main_blinky.o

.bss.sensorStack
                0x2001aa18      0x200
 .bss.sensorStack
                0x2001aa18      0x200 ./output/main_blinky.o

.bss.xAlertQueue
                0x2001ac18        0x4
 .bss.xAlertQueue
                0x2001ac18        0x4 ./output/main_blinky.o

.bss.xSensorQueue
                0x2001ac1c        0x4
 .bss.xSensorQueue
                0x2001ac1c        0x4 ./output/main_blinky.o

.bss.commandQueueStruct
                0x2001ac20       0x54
 .bss.commandQueueStruct
                0x2001ac20       0x54 ./output/main_blinky.o

.bss.commandQueueBuffer
                0x2001ac74       0xb4
 .bss.commandQueueBuffer
                0x2001ac74       0xb4 ./output/main_blinky.o

.bss.alertQueueStruct
                0x2001ad28       0x54
 .bss.alertQueueStruct
                0x2001ad28       0x54 ./output/main_blinky.o

.bss.alertQueueBuffer
                0x2001ad7c      0x140
 .bss.alertQueueBuffer
                0x2001ad7c      0x140 ./output/main_blinky.o

.bss.sensorQueueStruct
                0x2001aebc       0x54
 .bss.sensorQueueStruct
                0x2001aebc       0x54 ./output/main_blinky.o

.bss.sensorQueueBuffer
                0x2001af10       0xa0
 .bss.sensorQueueBuffer
                0x2001af10       0xa0 ./output/main_blinky.o

.bss.psr        0x2001afb0        0x4
 .bss.psr       0x2001afb0        0x4 ./output/startup_gcc.o
                0x2001afb0                psr

.bss.pc         0x2001afb4        0x4
 .bss.pc        0x2001afb4        0x4 ./output/startup_gcc.o
                0x2001afb4                pc

.bss.lr         0x2001afb8        0x4
 .bss.lr        0x2001afb8        0x4 ./output/startup_gcc.o
                0x2001afb8                lr

.bss.r12        0x2001afbc        0x4
 .bss.r12       0x2001afbc        0x4 ./output/startup_gcc.o
                0x2001afbc                r12

.bss.r3         0x2001afc0        0x4
 .bss.r3        0x2001afc0        0x4 ./output/startup_gcc.o
                0x2001afc0                r3

.bss.r2         0x2001afc4        0x4
 .bss.r2        0x2001afc4        0x4 ./output/startup_gcc.o
                0x2001afc4                r2

.bss.r1         0x2001afc8        0x4
 .bss.r1        0x2001afc8        0x4 ./output/startup_gcc.o
                0x2001afc8                r1

.bss.r0         0x2001afcc        0x4
 .bss.r0        0x2001afcc        0x4 ./output/startup_gcc.o
                0x2001afcc                r0

.bss.pxKernelPortData
                0x2001afd0        0x4
 .bss.pxKernelPortData
                0x2001afd0        0x4 ./output/trcKernelPort.o

.bss.tcbTzCtrl  0x2001afd4       0x64
 .bss.tcbTzCtrl
                0x2001afd4       0x64 ./output/trcKernelPort.o

.bss.stackTzCtrl
                0x2001b038      0x400
 .bss.stackTzCtrl
                0x2001b038      0x400 ./output/trcKernelPort.o

.bss.pxStreamPortData
                0x2001b438        0x4
 .bss.pxStreamPortData
                0x2001b438        0x4 ./output/trcStreamPort.o
                0x2001b438                pxStreamPortData

.bss.RecorderDataPtr
                0x2001b43c        0x4
 .bss.RecorderDataPtr
                0x2001b43c        0x4 ./output/trcStreamPort.o
                0x2001b43c                RecorderDataPtr

.bss.uxRecursionGuard.0
                0x2001b440        0x4
 .bss.uxRecursionGuard.0
                0x2001b440        0x4 ./output/trcAssert.o

.bss.pxAssertData
                0x2001b444        0x4
 .bss.pxAssertData
                0x2001b444        0x4 ./output/trcAssert.o

.bss.pxCounterData
                0x2001b448        0x4
 .bss.pxCounterData
                0x2001b448        0x4 ./output/trcCounter.o

.bss.pxDiagnostics
                0x2001b44c        0x4
 .bss.pxDiagnostics
                0x2001b44c        0x4 ./output/trcDiagnostics.o

.bss.pxIndexTable
                0x2001b450        0x4
 .bss.pxIndexTable
                0x2001b450        0x4 ./output/trcEntryTable.o

.bss.pxEntryTable
                0x2001b454        0x4
 .bss.pxEntryTable
                0x2001b454        0x4 ./output/trcEntryTable.o

.bss.pxErrorInfo
                0x2001b458        0x4
 .bss.pxErrorInfo
                0x2001b458        0x4 ./output/trcError.o

.bss.pxTraceEventDataTable
                0x2001b45c        0x4
 .bss.pxTraceEventDataTable
                0x2001b45c        0x4 ./output/trcEvent.o
                0x2001b45c                pxTraceEventDataTable

.bss.pxExtensionData
                0x2001b460        0x4
 .bss.pxExtensionData
                0x2001b460        0x4 ./output/trcExtension.o

.bss.pxTraceISRData
                0x2001b464        0x4
 .bss.pxTraceISRData
                0x2001b464        0x4 ./output/trcISR.o
                0x2001b464                pxTraceISRData

.bss.pxPrintData
                0x2001b468        0x4
 .bss.pxPrintData
                0x2001b468        0x4 ./output/trcPrint.o

.bss.pxTraceStaticBufferTable
                0x2001b46c        0x4
 .bss.pxTraceStaticBufferTable
                0x2001b46c        0x4 ./output/trcStaticBuffer.o
                0x2001b46c                pxTraceStaticBufferTable

.bss.RecorderInitialized
                0x2001b470        0x4
 .bss.RecorderInitialized
                0x2001b470        0x4 ./output/trcStreamingRecorder.o
                0x2001b470                RecorderInitialized

.bss.pxTraceRecorderData
                0x2001b474        0x4
 .bss.pxTraceRecorderData
                0x2001b474        0x4 ./output/trcStreamingRecorder.o
                0x2001b474                pxTraceRecorderData

.bss.xRecorderData
                0x2001b478     0x35f4
 .bss.xRecorderData
                0x2001b478     0x35f4 ./output/trcStreamingRecorder.o

.bss.pxTraceTaskData
                0x2001ea6c        0x4
 .bss.pxTraceTaskData
                0x2001ea6c        0x4 ./output/trcTask.o
                0x2001ea6c                pxTraceTaskData

.bss.pxTraceTimestamp
                0x2001ea70        0x4
 .bss.pxTraceTimestamp
                0x2001ea70        0x4 ./output/trcTimestamp.o
                0x2001ea70                pxTraceTimestamp

.heap           0x2001ea74      0x40c
                0x2001ea78                        . = ALIGN (0x8)
 *fill*         0x2001ea74        0x4 
                0x2001ea78                        PROVIDE (end = .)
                [!provide]                        PROVIDE (_end = .)
                0x2001ea78                        _heap_bottom = .
                0x2001ea80                        . = (. + _Min_Heap_Size)
 *fill*         0x2001ea78        0x8 
                0x2001ea80                        _heap_top = .
                0x2001ee80                        . = (. + _Min_Stack_Size)
 *fill*         0x2001ea80      0x400 
                0x2001ee80                        . = ALIGN (0x8)
                0x20400000                        __StackTop = (ORIGIN (RAM) + LENGTH (RAM))
                0x203ffc00                        __StackLimit = (__StackTop - _Min_Stack_Size)
                [!provide]                        PROVIDE (__stack = __StackTop)
                0x00000001                        ASSERT ((__StackLimit >= _heap_top), region RAM overflowed with stack)
OUTPUT(./output/RTOSDemo.out elf32-littlearm)
LOAD linker stubs

.debug_info     0x00000000    0x21bbf
 .debug_info    0x00000000     0x47a9 ./output/tasks.o
 .debug_info    0x000047a9      0x2b2 ./output/list.o
 .debug_info    0x00004a5b     0x32de ./output/queue.o
 .debug_info    0x00007d39     0x1e3f ./output/timers.o
 .debug_info    0x00009b78      0xd4f ./output/heap_4.o
 .debug_info    0x0000a8c7      0x59c ./output/port.o
 .debug_info    0x0000ae63     0x15f8 ./output/IntQueue.o
 .debug_info    0x0000c45b      0x67c ./output/IntQueueTimer.o
 .debug_info    0x0000cad7      0x693 ./output/main.o
 .debug_info    0x0000d16a      0xfba ./output/main_blinky.o
 .debug_info    0x0000e124      0x8b0 ./output/startup_gcc.o
 .debug_info    0x0000e9d4      0x64b ./output/printf-stdarg.o
 .debug_info    0x0000f01f      0x640 ./output/trcKernelPort.o
 .debug_info    0x0000f65f      0x611 ./output/trcStreamPort.o
 .debug_info    0x0000fc70      0x3bb ./output/trcAssert.o
 .debug_info    0x0001002b      0x4cc ./output/trcCounter.o
 .debug_info    0x000104f7      0x46f ./output/trcDiagnostics.o
 .debug_info    0x00010966      0xc09 ./output/trcEntryTable.o
 .debug_info    0x0001156f      0x419 ./output/trcError.o
 .debug_info    0x00011988     0x25b4 ./output/trcEvent.o
 .debug_info    0x00013f3c      0x825 ./output/trcEventBuffer.o
 .debug_info    0x00014761      0x43e ./output/trcExtension.o
 .debug_info    0x00014b9f      0x447 ./output/trcHeap.o
 .debug_info    0x00014fe6      0x7f2 ./output/trcISR.o
 .debug_info    0x000157d8      0x6f9 ./output/trcMultiCoreEventBuffer.o
 .debug_info    0x00015ed1      0xf30 ./output/trcObject.o
 .debug_info    0x00016e01      0x925 ./output/trcPrint.o
 .debug_info    0x00017726      0x23a ./output/trcStaticBuffer.o
 .debug_info    0x00017960      0xfb8 ./output/trcStreamingRecorder.o
 .debug_info    0x00018918      0x298 ./output/trcString.o
 .debug_info    0x00018bb0      0x9e2 ./output/trcTask.o
 .debug_info    0x00019592      0x3c0 ./output/trcTimestamp.o
 .debug_info    0x00019952       0xd3 /usr/lib/gcc/arm-none-eabi/13.2.1/thumb/v7-m/nofp/libgcc.a(_arm_addsubdf3.o)
 .debug_info    0x00019a25       0xca /usr/lib/gcc/arm-none-eabi/13.2.1/thumb/v7-m/nofp/libgcc.a(_arm_addsubsf3.o)
 .debug_info    0x00019aef       0x57 /usr/lib/gcc/arm-none-eabi/13.2.1/thumb/v7-m/nofp/libgcc.a(_arm_muldivsf3.o)
 .debug_info    0x00019b46       0xa4 /usr/lib/gcc/arm-none-eabi/13.2.1/../../../arm-none-eabi/lib/thumb/v7-m/nofp/libg_nano.a(libc_a-abs.o)
 .debug_info    0x00019bea      0x70b /usr/lib/gcc/arm-none-eabi/13.2.1/../../../arm-none-eabi/lib/thumb/v7-m/nofp/libg_nano.a(libc_a-impure.o)
 .debug_info    0x0001a2f5      0x135 /usr/lib/gcc/arm-none-eabi/13.2.1/../../../arm-none-eabi/lib/thumb/v7-m/nofp/libg_nano.a(libc_a-memset.o)
 .debug_info    0x0001a42a      0xa30 /usr/lib/gcc/arm-none-eabi/13.2.1/../../../arm-none-eabi/lib/thumb/v7-m/nofp/libg_nano.a(libc_a-fflush.o)
 .debug_info    0x0001ae5a      0x87f /usr/lib/gcc/arm-none-eabi/13.2.1/../../../arm-none-eabi/lib/thumb/v7-m/nofp/libg_nano.a(libc_a-freer.o)
 .debug_info    0x0001b6d9      0x7c8 /usr/lib/gcc/arm-none-eabi/13.2.1/../../../arm-none-eabi/lib/thumb/v7-m/nofp/libg_nano.a(libc_a-fwalk.o)
 .debug_info    0x0001bea1       0x33 /usr/lib/gcc/arm-none-eabi/13.2.1/../../../arm-none-eabi/lib/thumb/v7-m/nofp/libg_nano.a(libc_a-memcpy.o)
 .debug_info    0x0001bed4      0x71c /usr/lib/gcc/arm-none-eabi/13.2.1/../../../arm-none-eabi/lib/thumb/v7-m/nofp/libg_nano.a(libc_a-mlock.o)
 .debug_info    0x0001c5f0      0xe8c /usr/lib/gcc/arm-none-eabi/13.2.1/../../../arm-none-eabi/lib/thumb/v7-m/nofp/libg_nano.a(libc_a-findfp.o)
 .debug_info    0x0001d47c      0x9b6 /usr/lib/gcc/arm-none-eabi/13.2.1/../../../arm-none-eabi/lib/thumb/v7-m/nofp/libg_nano.a(libc_a-mallocr.o)
 .debug_info    0x0001de32      0x778 /usr/lib/gcc/arm-none-eabi/13.2.1/../../../arm-none-eabi/lib/thumb/v7-m/nofp/libg_nano.a(libc_a-sbrkr.o)
 .debug_info    0x0001e5aa      0xa80 /usr/lib/gcc/arm-none-eabi/13.2.1/../../../arm-none-eabi/lib/thumb/v7-m/nofp/libg_nano.a(libc_a-stdio.o)
 .debug_info    0x0001f02a      0x752 /usr/lib/gcc/arm-none-eabi/13.2.1/../../../arm-none-eabi/lib/thumb/v7-m/nofp/libg_nano.a(libc_a-closer.o)
 .debug_info    0x0001f77c      0x7b5 /usr/lib/gcc/arm-none-eabi/13.2.1/../../../arm-none-eabi/lib/thumb/v7-m/nofp/libg_nano.a(libc_a-readr.o)
 .debug_info    0x0001ff31      0x89f /usr/lib/gcc/arm-none-eabi/13.2.1/../../../arm-none-eabi/lib/thumb/v7-m/nofp/libg_nano.a(libc_a-reent.o)
 .debug_info    0x000207d0      0x79e /usr/lib/gcc/arm-none-eabi/13.2.1/../../../arm-none-eabi/lib/thumb/v7-m/nofp/libg_nano.a(libc_a-lseekr.o)
 .debug_info    0x00020f6e      0x7bb /usr/lib/gcc/arm-none-eabi/13.2.1/../../../arm-none-eabi/lib/thumb/v7-m/nofp/libg_nano.a(libc_a-writer.o)
 .debug_info    0x00021729       0xde /usr/lib/gcc/arm-none-eabi/13.2.1/../../../arm-none-eabi/lib/thumb/v7-m/nofp/libnosys.a(close.o)
 .debug_info    0x00021807      0x100 /usr/lib/gcc/arm-none-eabi/13.2.1/../../../arm-none-eabi/lib/thumb/v7-m/nofp/libnosys.a(lseek.o)
 .debug_info    0x00021907      0x106 /usr/lib/gcc/arm-none-eabi/13.2.1/../../../arm-none-eabi/lib/thumb/v7-m/nofp/libnosys.a(read.o)
 .debug_info    0x00021a0d       0xac /usr/lib/gcc/arm-none-eabi/13.2.1/../../../arm-none-eabi/lib/thumb/v7-m/nofp/libnosys.a(sbrk.o)
 .debug_info    0x00021ab9      0x106 /usr/lib/gcc/arm-none-eabi/13.2.1/../../../arm-none-eabi/lib/thumb/v7-m/nofp/libnosys.a(write.o)

.debug_abbrev   0x00000000     0x6e9b
 .debug_abbrev  0x00000000      0x518 ./output/tasks.o
 .debug_abbrev  0x00000518      0x105 ./output/list.o
 .debug_abbrev  0x0000061d      0x453 ./output/queue.o
 .debug_abbrev  0x00000a70      0x47e ./output/timers.o
 .debug_abbrev  0x00000eee      0x368 ./output/heap_4.o
 .debug_abbrev  0x00001256      0x2c6 ./output/port.o
 .debug_abbrev  0x0000151c      0x322 ./output/IntQueue.o
 .debug_abbrev  0x0000183e      0x22a ./output/IntQueueTimer.o
 .debug_abbrev  0x00001a68      0x2e3 ./output/main.o
 .debug_abbrev  0x00001d4b      0x2e2 ./output/main_blinky.o
 .debug_abbrev  0x0000202d      0x29a ./output/startup_gcc.o
 .debug_abbrev  0x000022c7      0x24c ./output/printf-stdarg.o
 .debug_abbrev  0x00002513      0x252 ./output/trcKernelPort.o
 .debug_abbrev  0x00002765      0x197 ./output/trcStreamPort.o
 .debug_abbrev  0x000028fc      0x19f ./output/trcAssert.o
 .debug_abbrev  0x00002a9b      0x173 ./output/trcCounter.o
 .debug_abbrev  0x00002c0e      0x181 ./output/trcDiagnostics.o
 .debug_abbrev  0x00002d8f      0x2a4 ./output/trcEntryTable.o
 .debug_abbrev  0x00003033      0x1cc ./output/trcError.o
 .debug_abbrev  0x000031ff      0x329 ./output/trcEvent.o
 .debug_abbrev  0x00003528      0x254 ./output/trcEventBuffer.o
 .debug_abbrev  0x0000377c      0x171 ./output/trcExtension.o
 .debug_abbrev  0x000038ed      0x124 ./output/trcHeap.o
 .debug_abbrev  0x00003a11      0x24d ./output/trcISR.o
 .debug_abbrev  0x00003c5e      0x178 ./output/trcMultiCoreEventBuffer.o
 .debug_abbrev  0x00003dd6      0x2e2 ./output/trcObject.o
 .debug_abbrev  0x000040b8      0x25b ./output/trcPrint.o
 .debug_abbrev  0x00004313      0x170 ./output/trcStaticBuffer.o
 .debug_abbrev  0x00004483      0x38c ./output/trcStreamingRecorder.o
 .debug_abbrev  0x0000480f      0x129 ./output/trcString.o
 .debug_abbrev  0x00004938      0x261 ./output/trcTask.o
 .debug_abbrev  0x00004b99      0x121 ./output/trcTimestamp.o
 .debug_abbrev  0x00004cba       0x28 /usr/lib/gcc/arm-none-eabi/13.2.1/thumb/v7-m/nofp/libgcc.a(_arm_addsubdf3.o)
 .debug_abbrev  0x00004ce2       0x28 /usr/lib/gcc/arm-none-eabi/13.2.1/thumb/v7-m/nofp/libgcc.a(_arm_addsubsf3.o)
 .debug_abbrev  0x00004d0a       0x28 /usr/lib/gcc/arm-none-eabi/13.2.1/thumb/v7-m/nofp/libgcc.a(_arm_muldivsf3.o)
 .debug_abbrev  0x00004d32       0x59 /usr/lib/gcc/arm-none-eabi/13.2.1/../../../arm-none-eabi/lib/thumb/v7-m/nofp/libg_nano.a(libc_a-abs.o)
 .debug_abbrev  0x00004d8b      0x149 /usr/lib/gcc/arm-none-eabi/13.2.1/../../../arm-none-eabi/lib/thumb/v7-m/nofp/libg_nano.a(libc_a-impure.o)
 .debug_abbrev  0x00004ed4       0xb7 /usr/lib/gcc/arm-none-eabi/13.2.1/../../../arm-none-eabi/lib/thumb/v7-m/nofp/libg_nano.a(libc_a-memset.o)
 .debug_abbrev  0x00004f8b      0x2e1 /usr/lib/gcc/arm-none-eabi/13.2.1/../../../arm-none-eabi/lib/thumb/v7-m/nofp/libg_nano.a(libc_a-fflush.o)
 .debug_abbrev  0x0000526c      0x249 /usr/lib/gcc/arm-none-eabi/13.2.1/../../../arm-none-eabi/lib/thumb/v7-m/nofp/libg_nano.a(libc_a-freer.o)
 .debug_abbrev  0x000054b5      0x19b /usr/lib/gcc/arm-none-eabi/13.2.1/../../../arm-none-eabi/lib/thumb/v7-m/nofp/libg_nano.a(libc_a-fwalk.o)
 .debug_abbrev  0x00005650       0x28 /usr/lib/gcc/arm-none-eabi/13.2.1/../../../arm-none-eabi/lib/thumb/v7-m/nofp/libg_nano.a(libc_a-memcpy.o)
 .debug_abbrev  0x00005678      0x192 /usr/lib/gcc/arm-none-eabi/13.2.1/../../../arm-none-eabi/lib/thumb/v7-m/nofp/libg_nano.a(libc_a-mlock.o)
 .debug_abbrev  0x0000580a      0x408 /usr/lib/gcc/arm-none-eabi/13.2.1/../../../arm-none-eabi/lib/thumb/v7-m/nofp/libg_nano.a(libc_a-findfp.o)
 .debug_abbrev  0x00005c12      0x24a /usr/lib/gcc/arm-none-eabi/13.2.1/../../../arm-none-eabi/lib/thumb/v7-m/nofp/libg_nano.a(libc_a-mallocr.o)
 .debug_abbrev  0x00005e5c      0x1da /usr/lib/gcc/arm-none-eabi/13.2.1/../../../arm-none-eabi/lib/thumb/v7-m/nofp/libg_nano.a(libc_a-sbrkr.o)
 .debug_abbrev  0x00006036      0x224 /usr/lib/gcc/arm-none-eabi/13.2.1/../../../arm-none-eabi/lib/thumb/v7-m/nofp/libg_nano.a(libc_a-stdio.o)
 .debug_abbrev  0x0000625a      0x1b0 /usr/lib/gcc/arm-none-eabi/13.2.1/../../../arm-none-eabi/lib/thumb/v7-m/nofp/libg_nano.a(libc_a-closer.o)
 .debug_abbrev  0x0000640a      0x1b0 /usr/lib/gcc/arm-none-eabi/13.2.1/../../../arm-none-eabi/lib/thumb/v7-m/nofp/libg_nano.a(libc_a-readr.o)
 .debug_abbrev  0x000065ba      0x1ee /usr/lib/gcc/arm-none-eabi/13.2.1/../../../arm-none-eabi/lib/thumb/v7-m/nofp/libg_nano.a(libc_a-reent.o)
 .debug_abbrev  0x000067a8      0x1c4 /usr/lib/gcc/arm-none-eabi/13.2.1/../../../arm-none-eabi/lib/thumb/v7-m/nofp/libg_nano.a(libc_a-lseekr.o)
 .debug_abbrev  0x0000696c      0x1b5 /usr/lib/gcc/arm-none-eabi/13.2.1/../../../arm-none-eabi/lib/thumb/v7-m/nofp/libg_nano.a(libc_a-writer.o)
 .debug_abbrev  0x00006b21       0x96 /usr/lib/gcc/arm-none-eabi/13.2.1/../../../arm-none-eabi/lib/thumb/v7-m/nofp/libnosys.a(close.o)
 .debug_abbrev  0x00006bb7       0xbb /usr/lib/gcc/arm-none-eabi/13.2.1/../../../arm-none-eabi/lib/thumb/v7-m/nofp/libnosys.a(lseek.o)
 .debug_abbrev  0x00006c72       0xc4 /usr/lib/gcc/arm-none-eabi/13.2.1/../../../arm-none-eabi/lib/thumb/v7-m/nofp/libnosys.a(read.o)
 .debug_abbrev  0x00006d36       0xa1 /usr/lib/gcc/arm-none-eabi/13.2.1/../../../arm-none-eabi/lib/thumb/v7-m/nofp/libnosys.a(sbrk.o)
 .debug_abbrev  0x00006dd7       0xc4 /usr/lib/gcc/arm-none-eabi/13.2.1/../../../arm-none-eabi/lib/thumb/v7-m/nofp/libnosys.a(write.o)

.debug_loclists
                0x00000000     0xae44
 .debug_loclists
                0x00000000     0x1f00 ./output/tasks.o
 .debug_loclists
                0x00001f00       0x77 ./output/list.o
 .debug_loclists
                0x00001f77     0x1925 ./output/queue.o
 .debug_loclists
                0x0000389c      0xd97 ./output/timers.o
 .debug_loclists
                0x00004633      0x3b5 ./output/heap_4.o
 .debug_loclists
                0x000049e8       0xaf ./output/port.o
 .debug_loclists
                0x00004a97      0x359 ./output/IntQueue.o
 .debug_loclists
                0x00004df0       0x6c ./output/IntQueueTimer.o
 .debug_loclists
                0x00004e5c      0x133 ./output/main.o
 .debug_loclists
                0x00004f8f      0x174 ./output/main_blinky.o
 .debug_loclists
                0x00005103       0x29 ./output/startup_gcc.o
 .debug_loclists
                0x0000512c      0x697 ./output/printf-stdarg.o
 .debug_loclists
                0x000057c3       0xaf ./output/trcKernelPort.o
 .debug_loclists
                0x00005872       0x60 ./output/trcStreamPort.o
 .debug_loclists
                0x000058d2       0xde ./output/trcAssert.o
 .debug_loclists
                0x000059b0      0x1e0 ./output/trcCounter.o
 .debug_loclists
                0x00005b90      0x2eb ./output/trcDiagnostics.o
 .debug_loclists
                0x00005e7b      0x838 ./output/trcEntryTable.o
 .debug_loclists
                0x000066b3      0x13c ./output/trcError.o
 .debug_loclists
                0x000067ef      0xd91 ./output/trcEvent.o
 .debug_loclists
                0x00007580      0x8fd ./output/trcEventBuffer.o
 .debug_loclists
                0x00007e7d      0x26c ./output/trcExtension.o
 .debug_loclists
                0x000080e9      0x174 ./output/trcHeap.o
 .debug_loclists
                0x0000825d      0x2ff ./output/trcISR.o
 .debug_loclists
                0x0000855c      0x4ef ./output/trcMultiCoreEventBuffer.o
 .debug_loclists
                0x00008a4b      0x5d3 ./output/trcObject.o
 .debug_loclists
                0x0000901e      0x6cf ./output/trcPrint.o
 .debug_loclists
                0x000096ed       0x5d ./output/trcStaticBuffer.o
 .debug_loclists
                0x0000974a      0x1c5 ./output/trcStreamingRecorder.o
 .debug_loclists
                0x0000990f       0xb2 ./output/trcString.o
 .debug_loclists
                0x000099c1      0x18d ./output/trcTask.o
 .debug_loclists
                0x00009b4e      0x1cb ./output/trcTimestamp.o
 .debug_loclists
                0x00009d19       0x24 /usr/lib/gcc/arm-none-eabi/13.2.1/../../../arm-none-eabi/lib/thumb/v7-m/nofp/libg_nano.a(libc_a-abs.o)
 .debug_loclists
                0x00009d3d      0x1d7 /usr/lib/gcc/arm-none-eabi/13.2.1/../../../arm-none-eabi/lib/thumb/v7-m/nofp/libg_nano.a(libc_a-memset.o)
 .debug_loclists
                0x00009f14      0x2f2 /usr/lib/gcc/arm-none-eabi/13.2.1/../../../arm-none-eabi/lib/thumb/v7-m/nofp/libg_nano.a(libc_a-fflush.o)
 .debug_loclists
                0x0000a206      0x164 /usr/lib/gcc/arm-none-eabi/13.2.1/../../../arm-none-eabi/lib/thumb/v7-m/nofp/libg_nano.a(libc_a-freer.o)
 .debug_loclists
                0x0000a36a       0x79 /usr/lib/gcc/arm-none-eabi/13.2.1/../../../arm-none-eabi/lib/thumb/v7-m/nofp/libg_nano.a(libc_a-fwalk.o)
 .debug_loclists
                0x0000a3e3      0x1d0 /usr/lib/gcc/arm-none-eabi/13.2.1/../../../arm-none-eabi/lib/thumb/v7-m/nofp/libg_nano.a(libc_a-findfp.o)
 .debug_loclists
                0x0000a5b3      0x273 /usr/lib/gcc/arm-none-eabi/13.2.1/../../../arm-none-eabi/lib/thumb/v7-m/nofp/libg_nano.a(libc_a-mallocr.o)
 .debug_loclists
                0x0000a826       0x4b /usr/lib/gcc/arm-none-eabi/13.2.1/../../../arm-none-eabi/lib/thumb/v7-m/nofp/libg_nano.a(libc_a-sbrkr.o)
 .debug_loclists
                0x0000a871      0x23b /usr/lib/gcc/arm-none-eabi/13.2.1/../../../arm-none-eabi/lib/thumb/v7-m/nofp/libg_nano.a(libc_a-stdio.o)
 .debug_loclists
                0x0000aaac       0x4b /usr/lib/gcc/arm-none-eabi/13.2.1/../../../arm-none-eabi/lib/thumb/v7-m/nofp/libg_nano.a(libc_a-closer.o)
 .debug_loclists
                0x0000aaf7       0x97 /usr/lib/gcc/arm-none-eabi/13.2.1/../../../arm-none-eabi/lib/thumb/v7-m/nofp/libg_nano.a(libc_a-readr.o)
 .debug_loclists
                0x0000ab8e       0x80 /usr/lib/gcc/arm-none-eabi/13.2.1/../../../arm-none-eabi/lib/thumb/v7-m/nofp/libg_nano.a(libc_a-reent.o)
 .debug_loclists
                0x0000ac0e       0x97 /usr/lib/gcc/arm-none-eabi/13.2.1/../../../arm-none-eabi/lib/thumb/v7-m/nofp/libg_nano.a(libc_a-lseekr.o)
 .debug_loclists
                0x0000aca5       0x97 /usr/lib/gcc/arm-none-eabi/13.2.1/../../../arm-none-eabi/lib/thumb/v7-m/nofp/libg_nano.a(libc_a-writer.o)
 .debug_loclists
                0x0000ad3c       0x24 /usr/lib/gcc/arm-none-eabi/13.2.1/../../../arm-none-eabi/lib/thumb/v7-m/nofp/libnosys.a(close.o)
 .debug_loclists
                0x0000ad60       0x3c /usr/lib/gcc/arm-none-eabi/13.2.1/../../../arm-none-eabi/lib/thumb/v7-m/nofp/libnosys.a(lseek.o)
 .debug_loclists
                0x0000ad9c       0x3c /usr/lib/gcc/arm-none-eabi/13.2.1/../../../arm-none-eabi/lib/thumb/v7-m/nofp/libnosys.a(read.o)
 .debug_loclists
                0x0000add8       0x30 /usr/lib/gcc/arm-none-eabi/13.2.1/../../../arm-none-eabi/lib/thumb/v7-m/nofp/libnosys.a(sbrk.o)
 .debug_loclists
                0x0000ae08       0x3c /usr/lib/gcc/arm-none-eabi/13.2.1/../../../arm-none-eabi/lib/thumb/v7-m/nofp/libnosys.a(write.o)

.debug_aranges  0x00000000     0x1150
 .debug_aranges
                0x00000000      0x248 ./output/tasks.o
 .debug_aranges
                0x00000248       0x40 ./output/list.o
 .debug_aranges
                0x00000288      0x198 ./output/queue.o
 .debug_aranges
                0x00000420       0xf0 ./output/timers.o
 .debug_aranges
                0x00000510       0x60 ./output/heap_4.o
 .debug_aranges
                0x00000570       0x78 ./output/port.o
 .debug_aranges
                0x000005e8       0x70 ./output/IntQueue.o
 .debug_aranges
                0x00000658       0x30 ./output/IntQueueTimer.o
 .debug_aranges
                0x00000688       0x70 ./output/main.o
 .debug_aranges
                0x000006f8       0x58 ./output/main_blinky.o
 .debug_aranges
                0x00000750       0x38 ./output/startup_gcc.o
 .debug_aranges
                0x00000788       0x58 ./output/printf-stdarg.o
 .debug_aranges
                0x000007e0       0x60 ./output/trcKernelPort.o
 .debug_aranges
                0x00000840       0x28 ./output/trcStreamPort.o
 .debug_aranges
                0x00000868       0x30 ./output/trcAssert.o
 .debug_aranges
                0x00000898       0x38 ./output/trcCounter.o
 .debug_aranges
                0x000008d0       0x60 ./output/trcDiagnostics.o
 .debug_aranges
                0x00000930       0xa8 ./output/trcEntryTable.o
 .debug_aranges
                0x000009d8       0x50 ./output/trcError.o
 .debug_aranges
                0x00000a28       0xa8 ./output/trcEvent.o
 .debug_aranges
                0x00000ad0       0x58 ./output/trcEventBuffer.o
 .debug_aranges
                0x00000b28       0x38 ./output/trcExtension.o
 .debug_aranges
                0x00000b60       0x30 ./output/trcHeap.o
 .debug_aranges
                0x00000b90       0x58 ./output/trcISR.o
 .debug_aranges
                0x00000be8       0x50 ./output/trcMultiCoreEventBuffer.o
 .debug_aranges
                0x00000c38       0x70 ./output/trcObject.o
 .debug_aranges
                0x00000ca8       0x50 ./output/trcPrint.o
 .debug_aranges
                0x00000cf8       0x28 ./output/trcStaticBuffer.o
 .debug_aranges
                0x00000d20       0x58 ./output/trcStreamingRecorder.o
 .debug_aranges
                0x00000d78       0x28 ./output/trcString.o
 .debug_aranges
                0x00000da0       0x38 ./output/trcTask.o
 .debug_aranges
                0x00000dd8       0x60 ./output/trcTimestamp.o
 .debug_aranges
                0x00000e38       0x20 /usr/lib/gcc/arm-none-eabi/13.2.1/thumb/v7-m/nofp/libgcc.a(_arm_addsubdf3.o)
 .debug_aranges
                0x00000e58       0x20 /usr/lib/gcc/arm-none-eabi/13.2.1/thumb/v7-m/nofp/libgcc.a(_arm_addsubsf3.o)
 .debug_aranges
                0x00000e78       0x20 /usr/lib/gcc/arm-none-eabi/13.2.1/thumb/v7-m/nofp/libgcc.a(_arm_muldivsf3.o)
 .debug_aranges
                0x00000e98       0x20 /usr/lib/gcc/arm-none-eabi/13.2.1/../../../arm-none-eabi/lib/thumb/v7-m/nofp/libg_nano.a(libc_a-abs.o)
 .debug_aranges
                0x00000eb8       0x18 /usr/lib/gcc/arm-none-eabi/13.2.1/../../../arm-none-eabi/lib/thumb/v7-m/nofp/libg_nano.a(libc_a-impure.o)
 .debug_aranges
                0x00000ed0       0x20 /usr/lib/gcc/arm-none-eabi/13.2.1/../../../arm-none-eabi/lib/thumb/v7-m/nofp/libg_nano.a(libc_a-memset.o)
 .debug_aranges
                0x00000ef0       0x20 /usr/lib/gcc/arm-none-eabi/13.2.1/../../../arm-none-eabi/lib/thumb/v7-m/nofp/libg_nano.a(libc_a-fflush.o)
 .debug_aranges
                0x00000f10       0x20 /usr/lib/gcc/arm-none-eabi/13.2.1/../../../arm-none-eabi/lib/thumb/v7-m/nofp/libg_nano.a(libc_a-freer.o)
 .debug_aranges
                0x00000f30       0x20 /usr/lib/gcc/arm-none-eabi/13.2.1/../../../arm-none-eabi/lib/thumb/v7-m/nofp/libg_nano.a(libc_a-fwalk.o)
 .debug_aranges
                0x00000f50       0x20 /usr/lib/gcc/arm-none-eabi/13.2.1/../../../arm-none-eabi/lib/thumb/v7-m/nofp/libg_nano.a(libc_a-memcpy.o)
 .debug_aranges
                0x00000f70       0x20 /usr/lib/gcc/arm-none-eabi/13.2.1/../../../arm-none-eabi/lib/thumb/v7-m/nofp/libg_nano.a(libc_a-mlock.o)
 .debug_aranges
                0x00000f90       0x20 /usr/lib/gcc/arm-none-eabi/13.2.1/../../../arm-none-eabi/lib/thumb/v7-m/nofp/libg_nano.a(libc_a-findfp.o)
 .debug_aranges
                0x00000fb0       0x20 /usr/lib/gcc/arm-none-eabi/13.2.1/../../../arm-none-eabi/lib/thumb/v7-m/nofp/libg_nano.a(libc_a-mallocr.o)
 .debug_aranges
                0x00000fd0       0x20 /usr/lib/gcc/arm-none-eabi/13.2.1/../../../arm-none-eabi/lib/thumb/v7-m/nofp/libg_nano.a(libc_a-sbrkr.o)
 .debug_aranges
                0x00000ff0       0x20 /usr/lib/gcc/arm-none-eabi/13.2.1/../../../arm-none-eabi/lib/thumb/v7-m/nofp/libg_nano.a(libc_a-stdio.o)
 .debug_aranges
                0x00001010       0x20 /usr/lib/gcc/arm-none-eabi/13.2.1/../../../arm-none-eabi/lib/thumb/v7-m/nofp/libg_nano.a(libc_a-closer.o)
 .debug_aranges
                0x00001030       0x20 /usr/lib/gcc/arm-none-eabi/13.2.1/../../../arm-none-eabi/lib/thumb/v7-m/nofp/libg_nano.a(libc_a-readr.o)
 .debug_aranges
                0x00001050       0x20 /usr/lib/gcc/arm-none-eabi/13.2.1/../../../arm-none-eabi/lib/thumb/v7-m/nofp/libg_nano.a(libc_a-reent.o)
 .debug_aranges
                0x00001070       0x20 /usr/lib/gcc/arm-none-eabi/13.2.1/../../../arm-none-eabi/lib/thumb/v7-m/nofp/libg_nano.a(libc_a-lseekr.o)
 .debug_aranges
                0x00001090       0x20 /usr/lib/gcc/arm-none-eabi/13.2.1/../../../arm-none-eabi/lib/thumb/v7-m/nofp/libg_nano.a(libc_a-writer.o)
 .debug_aranges
                0x000010b0       0x20 /usr/lib/gcc/arm-none-eabi/13.2.1/../../../arm-none-eabi/lib/thumb/v7-m/nofp/libnosys.a(close.o)
 .debug_aranges
                0x000010d0       0x20 /usr/lib/gcc/arm-none-eabi/13.2.1/../../../arm-none-eabi/lib/thumb/v7-m/nofp/libnosys.a(lseek.o)
 .debug_aranges
                0x000010f0       0x20 /usr/lib/gcc/arm-none-eabi/13.2.1/../../../arm-none-eabi/lib/thumb/v7-m/nofp/libnosys.a(read.o)
 .debug_aranges
                0x00001110       0x20 /usr/lib/gcc/arm-none-eabi/13.2.1/../../../arm-none-eabi/lib/thumb/v7-m/nofp/libnosys.a(sbrk.o)
 .debug_aranges
                0x00001130       0x20 /usr/lib/gcc/arm-none-eabi/13.2.1/../../../arm-none-eabi/lib/thumb/v7-m/nofp/libnosys.a(write.o)

.debug_rnglists
                0x00000000      0xf6f
 .debug_rnglists
                0x00000000      0x361 ./output/tasks.o
 .debug_rnglists
                0x00000361       0x2b ./output/list.o
 .debug_rnglists
                0x0000038c      0x1fb ./output/queue.o
 .debug_rnglists
                0x00000587      0x124 ./output/timers.o
 .debug_rnglists
                0x000006ab       0x6b ./output/heap_4.o
 .debug_rnglists
                0x00000716       0x7c ./output/port.o
 .debug_rnglists
                0x00000792       0x82 ./output/IntQueue.o
 .debug_rnglists
                0x00000814       0x1f ./output/IntQueueTimer.o
 .debug_rnglists
                0x00000833       0x4f ./output/main.o
 .debug_rnglists
                0x00000882       0x6e ./output/main_blinky.o
 .debug_rnglists
                0x000008f0       0x25 ./output/startup_gcc.o
 .debug_rnglists
                0x00000915       0x4c ./output/printf-stdarg.o
 .debug_rnglists
                0x00000961       0x43 ./output/trcKernelPort.o
 .debug_rnglists
                0x000009a4       0x1a ./output/trcStreamPort.o
 .debug_rnglists
                0x000009be       0x20 ./output/trcAssert.o
 .debug_rnglists
                0x000009de       0x26 ./output/trcCounter.o
 .debug_rnglists
                0x00000a04       0x43 ./output/trcDiagnostics.o
 .debug_rnglists
                0x00000a47       0x85 ./output/trcEntryTable.o
 .debug_rnglists
                0x00000acc       0x38 ./output/trcError.o
 .debug_rnglists
                0x00000b04       0x88 ./output/trcEvent.o
 .debug_rnglists
                0x00000b8c       0x71 ./output/trcEventBuffer.o
 .debug_rnglists
                0x00000bfd       0x26 ./output/trcExtension.o
 .debug_rnglists
                0x00000c23       0x1f ./output/trcHeap.o
 .debug_rnglists
                0x00000c42       0x53 ./output/trcISR.o
 .debug_rnglists
                0x00000c95       0x37 ./output/trcMultiCoreEventBuffer.o
 .debug_rnglists
                0x00000ccc       0x80 ./output/trcObject.o
 .debug_rnglists
                0x00000d4c       0x45 ./output/trcPrint.o
 .debug_rnglists
                0x00000d91       0x19 ./output/trcStaticBuffer.o
 .debug_rnglists
                0x00000daa       0x3f ./output/trcStreamingRecorder.o
 .debug_rnglists
                0x00000de9       0x19 ./output/trcString.o
 .debug_rnglists
                0x00000e02       0x25 ./output/trcTask.o
 .debug_rnglists
                0x00000e27       0x44 ./output/trcTimestamp.o
 .debug_rnglists
                0x00000e6b       0x58 /usr/lib/gcc/arm-none-eabi/13.2.1/../../../arm-none-eabi/lib/thumb/v7-m/nofp/libg_nano.a(libc_a-fflush.o)
 .debug_rnglists